<input id="client_secret" type="text" name="client_secret" value="" />
