<!DOCTYPE html PUBLIC "-//W3C//DTD HTML 4.0 Transitional//EN" "http://www.w3.org/TR/REC-html40/loose.dtd">
<html><body>
<input id="refresh_token" type="text" name="refresh_token" readonly value="">
</body></html>
