<!DOCTYPE html PUBLIC "-//W3C//DTD HTML 4.0 Transitional//EN" "http://www.w3.org/TR/REC-html40/loose.dtd">
<html><body>
<label><input type="radio" name="enabled" value="1"> Yes</label>
<label><input type="radio" name="enabled" value="0" checked> No</label>
</body></html>
