<!DOCTYPE html PUBLIC "-//W3C//DTD HTML 4.0 Transitional//EN" "http://www.w3.org/TR/REC-html40/loose.dtd">
<html><body>
<select id="driver" name="driver">
    <option value="apcu">APCu</option>
    <option value="memcached">Memcached</option>
    <option value="redis">Redis</option>
    <option value="null">No Cache</option>
</select>
</body></html>
