<select id="default_list" name="default_list">
    <option value="anime">Anime</option>
    <option value="manga">Manga</option>
</select>
