<input id="whose_list" type="text" name="whose_list" value="" />
