<input id="port" type="text" name="port" value="" />
