<select id="type" name="type">
    <option value="mysql">MySQL</option>
    <option value="pgsql">PostgreSQL</option>
    <option value="sqlite" selected>SQLite</option>
</select>
