<input id="host" type="text" name="host" value="" />
