<select id="driver" name="driver">
    <option value="apcu">APCu</option>
    <option value="memcached">Memcached</option>
    <option value="redis">Redis</option>
    <option value="null">No Cache</option>
</select>
