<input id="access_token_expires" type="text" name="access_token_expires" readonly value="0" />
