<input id="connection" type="text" name="connection" value="" />
