<input id="file" type="text" name="file" value="" />
