<label><input type="radio" name="enabled" value="1" /> Yes</label>
<label><input type="radio" name="enabled" value="0" checked /> No</label>
