<input id="database" type="text" name="database" value="" />
