<input id="user" type="text" name="user" value="" />
