<!DOCTYPE html PUBLIC "-//W3C//DTD HTML 4.0 Transitional//EN" "http://www.w3.org/TR/REC-html40/loose.dtd">
<html><body>
<input type="hidden" name="special_hidden_flag" value="foo_bar">
</body></html>
