<!DOCTYPE html PUBLIC "-//W3C//DTD HTML 4.0 Transitional//EN" "http://www.w3.org/TR/REC-html40/loose.dtd">
<html><body>
<select id="default_manga_list_path" name="default_manga_list_path">
    <option value="reading">Reading</option>
    <option value="plan_to_read">Plan to Read</option>
    <option value="on_hold">On Hold</option>
    <option value="dropped">Dropped</option>
    <option value="completed">Completed</option>
    <option value="all">All</option>
</select>
</body></html>
