<input id="username" type="text" name="username" value="" />
