<input id="pass" type="text" name="pass" value="" />
