<input id="client_id" type="text" name="client_id" value="" />
