<!DOCTYPE html PUBLIC "-//W3C//DTD HTML 4.0 Transitional//EN" "http://www.w3.org/TR/REC-html40/loose.dtd">
<html><body>
<input id="access_token_expires" type="text" name="access_token_expires" readonly value="">
</body></html>
