<!DOCTYPE html PUBLIC "-//W3C//DTD HTML 4.0 Transitional//EN" "http://www.w3.org/TR/REC-html40/loose.dtd">
<html><body>
<select id="type" name="type">
    <option value="mysql">MySQL</option>
    <option value="pgsql">PostgreSQL</option>
    <option value="sqlite">SQLite</option>
</select>
</body></html>
