<select id="theme" name="theme">
    <option value="auto">Automatically match OS theme</option>
    <option value="light">Original Light Theme</option>
    <option value="dark">Dark Theme</option>
</select>
