empty: false
id: '435513'
mal_id: '209'
episodes:
    watched: 7
    total: 26
    length: 1500
airing:
    status: 'Finished Airing'
    started: '2003-09-01'
    ended: '2004-03-16'
anime:
    empty: false
    age_rating: PG
    cover_image: 'https://media.kitsu.io/anime/poster_images/185/small.jpg?1597697520'
    genres: {  }
    id: '185'
    show_type: TV
    slug: r-o-d
    streaming_links: [{ meta: { name: Crunchyroll, link: true, image: streaming-logos/crunchyroll.svg }, link: 'http://www.crunchyroll.com/rod', subs: [en], dubs: [ja] }, { meta: { name: Hulu, link: true, image: streaming-logos/hulu.svg }, link: 'http://www.hulu.com/rod-the-tv', subs: [en], dubs: [ja] }]
    title: 'R.O.D the TV'
    titles: ['アール・オー・ディー ザ・ティーヴィー']
notes: ''
private: false
rewatching: false
rewatched: 0
user_rating: '-'
watching_status: CURRENT
