empty: false
id: 14047981
mal_id: '12345'
data:
    empty: false
    notes: 'Very formulaic.'
    private: true
    progress: 38
    ratingTwenty: 16
    reconsumeCount: 0
    reconsuming: true
    status: current
