empty: false
id: 14047981
mal_id: null
anilist_id: null
data:
    empty: false
    notes: 'Very formulaic.'
    private: false
    progress: 38
    ratingTwenty: 16
    reconsumeCount: 0
    reconsuming: false
    status: current
