empty: false
id: 14047983
mal_id: '12347'
data:
    empty: false
    notes: ''
    private: true
    progress: 12
    ratingTwenty: null
    reconsumeCount: 0
    reconsuming: true
    status: current
