empty: false
characters:
    main: { 38506: { image: { original: { height: null, name: original, url: 'https://media.kitsu.io/characters/images/38506/original.jpg?1483096805', width: null } }, name: 'Armin Arlert', slug: armin-arelet }, 38507: { image: { original: { height: null, name: original, url: 'https://media.kitsu.io/characters/images/38507/original.jpg?1483096805', width: null } }, name: 'Eren Yeager', slug: eren-jager }, 38505: { image: { original: { height: null, name: original, url: 'https://media.kitsu.io/characters/images/38505/original.jpg?1483096805', width: null } }, name: 'Mikasa Ackerman', slug: mikasa-ackerman } }
    background: { 95639: { image: { original: { height: null, name: original, url: 'https://media.kitsu.io/characters/images/95639/original.jpg?1533149500', width: null } }, name: Abel, slug: goggles }, 39820: { image: { original: { height: null, name: original, url: 'https://media.kitsu.io/characters/images/39820/original.jpg?1483096805', width: null } }, name: 'Anka Rheinberger', slug: anka-rheinberger }, 38511: { image: { original: { height: null, name: original, url: 'https://media.kitsu.io/characters/images/38511/original.jpg?1483096805', width: null } }, name: 'Annie Leonhart', slug: annie-leonhardt }, 39806: { image: { original: { height: null, name: original, url: 'https://media.kitsu.io/characters/images/39806/original.jpg?1483096805', width: null } }, name: Balto, slug: balto }, 39816: { image: { original: { height: null, name: original, url: 'https://media.kitsu.io/characters/images/39816/original.jpg?1483096805', width: null } }, name: 'Bertolt Hoover', slug: bertolt-hoover }, 72418: { image: { original: { height: null, name: original, url: 'https://media.kitsu.io/characters/images/72418/original.jpg?1485079569', width: null } }, name: 'Boris Feulner', slug: boris-feulner }, 39827: { image: { original: { height: null, name: original, url: 'https://media.kitsu.io/characters/images/39827/original.jpg?1483096805', width: null } }, name: 'Carla Yeager', slug: carla-yeager }, 38513: { image: { original: { height: null, name: original, url: 'https://media.kitsu.io/characters/images/38513/original.jpg?1483096805', width: null } }, name: 'Connie Springer', slug: conny-springer }, 77248: { image: { original: { height: null, name: original, url: 'https://media.kitsu.io/characters/images/77248/original.jpg?1485081285', width: null } }, name: 'Darius Baer Varbrun', slug: darius-baer-varbrun }, 52597: { image: { original: { height: null, name: original, url: 'https://media.kitsu.io/characters/images/52597/original.jpg?1483096805', width: null } }, name: 'Darius Zackly', slug: darius-zackly }, 39804: { image: { original: { height: null, name: original, url: 'https://media.kitsu.io/characters/images/39804/original.jpg?1483096805', width: null } }, name: Dazz, slug: dazz }, 80627: { image: { original: { height: null, name: original, url: 'https://media.kitsu.io/characters/images/80627/original.jpg?1485082510', width: null } }, name: 'Dennis Eibringer', slug: dennis-eibringer }, 78275: { image: { original: { height: null, name: original, url: 'https://media.kitsu.io/characters/images/78275/original.jpg?1485081646', width: null } }, name: Dieter, slug: dieter }, 52595: { image: { original: { height: null, name: original, url: 'https://media.kitsu.io/characters/images/52595/original.jpg?1483096805', width: null } }, name: 'Dimo Reeves', slug: dimo-reeves }, 52593: { image: { original: { height: null, name: original, url: 'https://media.kitsu.io/characters/images/52593/original.jpg?1483096805', width: null } }, name: 'Dita Ness', slug: dita-ness }, 39818: { image: { original: { height: null, name: original, url: 'https://media.kitsu.io/characters/images/39818/original.jpg?1483096805', width: null } }, name: 'Dot Pixis', slug: dot-pixis }, 39815: { image: { original: { height: null, name: original, url: 'https://media.kitsu.io/characters/images/39815/original.jpg?1483096805', width: null } }, name: 'Eld Jinn', slug: erd-gin }, 83223: { image: { original: { height: null, name: original, url: 'https://media.kitsu.io/characters/images/83223/original.jpg?1485083597', width: null } }, name: 'Eld''s lover', slug: eld-s-lover }, 39823: { image: { original: { height: null, name: original, url: 'https://media.kitsu.io/characters/images/39823/original.jpg?1483096805', width: null } }, name: 'Erwin Smith', slug: erwin-smith }, 39809: { image: { original: { height: null, name: original, url: 'https://media.kitsu.io/characters/images/39809/original.jpg?1483096805', width: null } }, name: 'Father Ackerman', slug: father-ackerman }, 88007: { image: { original: { height: null, name: original, url: 'https://media.kitsu.io/characters/images/88007/original.jpg?1485085456', width: null } }, name: 'Father Bozado', slug: father-bozado }, 90705: { image: { original: { height: null, name: original, url: 'https://media.kitsu.io/characters/images/90705/original.jpg?1485086503', width: null } }, name: 'Father Leonhart', slug: father-leonhart }, 91050: { image: { original: { height: null, name: original, url: 'https://media.kitsu.io/characters/images/91050/original.jpg?1485086660', width: null } }, name: 'Father Ral', slug: father-ral }, 39802: { image: { original: { height: null, name: original, url: 'https://media.kitsu.io/characters/images/39802/original.jpg?1483096805', width: null } }, name: Franz, slug: franz-06354328-6618-42d4-be45-3fcff7b57e8a }, 39800: { image: { original: { height: null, name: original, url: 'https://media.kitsu.io/characters/images/39800/original.jpg?1483096805', width: null } }, name: 'Grandfather Arlert', slug: armin-s-grandfather }, 88409: { image: { original: { height: null, name: original, url: 'https://media.kitsu.io/characters/images/88409/original.jpg?1485085615', width: null } }, name: 'Grandfather Schultz', slug: grandfather-schultz }, 39828: { image: { original: { height: null, name: original, url: 'https://media.kitsu.io/characters/images/39828/original.jpg?1483096805', width: null } }, name: 'Grisha Yeager', slug: grisha-yeager }, 39821: { image: { original: { height: null, name: original, url: 'https://media.kitsu.io/characters/images/39821/original.jpg?1483096805', width: null } }, name: 'Gunther Schultz', slug: gunter-schulz }, 39807: { image: { original: { height: null, name: original, url: 'https://media.kitsu.io/characters/images/39807/original.jpg?1483096805', width: null } }, name: Gustav, slug: gustav-bb1524a1-58c3-484d-9da1-8fa5880a1e69 }, 39831: { image: { original: { height: null, name: original, url: 'https://media.kitsu.io/characters/images/39831/original.jpg?1483096805', width: null } }, name: 'Hange ZoÃ«', slug: hange-zoe }, 39803: { image: { original: { height: null, name: original, url: 'https://media.kitsu.io/characters/images/39803/original.jpg?1483096805', width: null } }, name: Hannah, slug: hannah }, 39794: { image: { original: { height: null, name: original, url: 'https://media.kitsu.io/characters/images/39794/original.jpg?1483096805', width: null } }, name: Hannes, slug: hannes }, 52590: { image: { original: { height: null, name: original, url: 'https://media.kitsu.io/characters/images/52590/original.jpg?1483096805', width: null } }, name: 'Hitch Dreyse', slug: hitch-dreyse }, 39797: { image: { original: { height: null, name: original, url: 'https://media.kitsu.io/characters/images/39797/original.jpg?1483096805', width: null } }, name: Hugo, slug: hugo }, 39814: { image: { original: { height: null, name: original, url: 'https://media.kitsu.io/characters/images/39814/original.jpg?1483096805', width: null } }, name: 'Ian Dietrich', slug: ian-dietrich }, 39805: { image: { original: { height: null, name: original, url: 'https://media.kitsu.io/characters/images/39805/original.jpg?1483096805', width: null } }, name: Instructor, slug: megane-no-kyoukan }, 38510: { image: { original: { height: null, name: original, url: 'https://media.kitsu.io/characters/images/38510/original.jpg?1483096805', width: null } }, name: 'Jean Kirstein', slug: jean-kirschtein }, 72984: { image: { original: { height: null, name: original, url: 'https://media.kitsu.io/characters/images/72984/original.jpg?1485079775', width: null } }, name: Jurgen, slug: jurgen }, 52585: { image: { original: { height: null, name: original, url: 'https://media.kitsu.io/characters/images/52585/original.jpg?1483096805', width: null } }, name: Keiji, slug: keiji }, 39822: { image: { original: { height: null, name: original, url: 'https://media.kitsu.io/characters/images/39822/original.jpg?1483096805', width: null } }, name: 'Keith Shardis', slug: keith-shardis }, 39825: { image: { original: { height: null, name: original, url: 'https://media.kitsu.io/characters/images/39825/original.jpg?1483096805', width: null } }, name: 'Kitts Verman', slug: kitts-verman }, 38512: { image: { original: { height: null, name: original, url: 'https://media.kitsu.io/characters/images/38512/original.jpg?1483096805', width: null } }, name: 'Krista Lenz', slug: christa-renz }, 39556: { image: { original: { height: null, name: original, url: 'https://media.kitsu.io/characters/images/39556/original.jpg?1483096805', width: null } }, name: Levi, slug: levi }, 52596: { image: { original: { height: null, name: original, url: 'https://media.kitsu.io/characters/images/52596/original.jpg?1483096805', width: null } }, name: 'Luke Siss', slug: luke-siss }, 38508: { image: { original: { height: null, name: original, url: 'https://media.kitsu.io/characters/images/38508/original.jpg?1483096805', width: null } }, name: 'Marco Bott', slug: marco-bodt }, 52591: { image: { original: { height: null, name: original, url: 'https://media.kitsu.io/characters/images/52591/original.jpg?1483096805', width: null } }, name: 'Marlo Freudenberg', slug: marlo-freudenberg }, 39829: { image: { original: { height: null, name: original, url: 'https://media.kitsu.io/characters/images/39829/original.jpg?1483096805', width: null } }, name: 'Mike Zacharias', slug: mike-zacharias }, 39830: { image: { original: { height: null, name: original, url: 'https://media.kitsu.io/characters/images/39830/original.jpg?1483096805', width: null } }, name: 'Millius Zermusky', slug: millius-zermusky }, 39813: { image: { original: { height: null, name: original, url: 'https://media.kitsu.io/characters/images/39813/original.jpg?1483096805', width: null } }, name: 'Mina Carolina', slug: mina-carolina }, 39817: { image: { original: { height: null, name: original, url: 'https://media.kitsu.io/characters/images/39817/original.jpg?1483096805', width: null } }, name: 'Mitabi Jarnach', slug: mitabi-jarnach }, 52587: { image: { original: { height: null, name: original, url: 'https://media.kitsu.io/characters/images/52587/original.jpg?1483096805', width: null } }, name: 'Moblit Berner', slug: moblit-berner }, 39798: { image: { original: { height: null, name: original, url: 'https://media.kitsu.io/characters/images/39798/original.jpg?1483096805', width: null } }, name: Moses, slug: moses }, 39799: { image: { original: { height: null, name: original, url: 'https://media.kitsu.io/characters/images/39799/original.jpg?1483096805', width: null } }, name: 'Moses''s Mother', slug: moses-s-mother }, 39810: { image: { original: { height: null, name: original, url: 'https://media.kitsu.io/characters/images/39810/original.jpg?1483096805', width: null } }, name: 'Mother Ackerman', slug: mother-ackerman }, 86508: { image: { original: { height: null, name: original, url: 'https://media.kitsu.io/characters/images/86508/original.jpg?1485084880', width: null } }, name: 'Mother Bozado', slug: mother-bozado }, 67384: { image: { original: { height: null, name: original, url: 'https://media.kitsu.io/characters/images/67384/original.jpg?1485077794', width: null } }, name: 'Mother Jinn', slug: mother-jinn }, 72049: { image: { original: { height: null, name: original, url: 'https://media.kitsu.io/characters/images/72049/original.jpg?1485079414', width: null } }, name: 'Mother Schultz', slug: mother-schultz }, 39824: { image: { original: { height: null, name: original, url: 'https://media.kitsu.io/characters/images/39824/original.jpg?1483096805', width: null } }, name: 'Nack Tierce', slug: nack-tierce }, 52583: { image: { original: { height: null, name: original, url: 'https://media.kitsu.io/characters/images/52583/original.jpg?1483096805', width: null } }, name: Nanaba, slug: nanaba }, 39795: { image: { original: { height: null, name: original, url: 'https://media.kitsu.io/characters/images/39795/original.jpg?1483096805', width: null } }, name: Nick, slug: nick-77245a04-f2c1-40ce-b458-222d708e2fe1 }, 52589: { image: { original: { height: null, name: original, url: 'https://media.kitsu.io/characters/images/52589/original.jpg?1483096805', width: null } }, name: 'Nile Dok', slug: nile-dok }, 52588: { image: { original: { height: null, name: original, url: 'https://media.kitsu.io/characters/images/52588/original.jpg?1483096805', width: null } }, name: 'Oluo Bozado', slug: oluo-bozado }, 92572: { image: { original: { height: null, name: original, url: 'https://media.kitsu.io/characters/images/92572/original.jpg?1485087363', width: null } }, name: Pere, slug: pere }, 39819: { image: { original: { height: null, name: original, url: 'https://media.kitsu.io/characters/images/39819/original.jpg?1483096805', width: null } }, name: 'Petra Ral', slug: petra-ral }, 39811: { image: { original: { height: null, name: original, url: 'https://media.kitsu.io/characters/images/39811/original.jpg?1483096805', width: null } }, name: 'Reiner Braun', slug: reiner-braun }, 39812: { image: { original: { height: null, name: original, url: 'https://media.kitsu.io/characters/images/39812/original.jpg?1483096805', width: null } }, name: 'Riko Brzenska', slug: riko-brzenska }, 39801: { image: { original: { height: null, name: original, url: 'https://media.kitsu.io/characters/images/39801/original.jpg?1483096805', width: null } }, name: Samuel, slug: samuel }, 38509: { image: { original: { height: null, name: original, url: 'https://media.kitsu.io/characters/images/38509/original.jpg?1483096805', width: null } }, name: 'Sasha Blouse', slug: sasha-braus }, 39826: { image: { original: { height: null, name: original, url: 'https://media.kitsu.io/characters/images/39826/original.jpg?1483096805', width: null } }, name: 'Thomas Wagner', slug: thomas-wagner }, 39808: { image: { original: { height: null, name: original, url: 'https://media.kitsu.io/characters/images/39808/original.jpg?1483096805', width: null } }, name: Tom, slug: tom-7c968172-923e-4d22-823a-251d8856bfb5 }, 39796: { image: { original: { height: null, name: original, url: 'https://media.kitsu.io/characters/images/39796/original.jpg?1483096805', width: null } }, name: Ymir, slug: ymir-24b34432-0237-4b22-a800-2e1ac512db5c } }
links:
    AniDB: 'https://anidb.net/anime/9541'
    Anilist: 'https://anilist.co/anime/16498/'
    Kitsu: 'https://kitsu.io/anime/attack-on-titan'
    MyAnimeList: 'https://myanimelist.net/anime/16498'
staff:
    'ADR Director': [{ id: '466', name: 'Mike McFarland', image: { original: 'https://media.kitsu.io/people/images/466/original.jpg?1416260915' }, slug: mike-mcfarland }]
    'Animation Director': [{ id: '22734', name: 'Kana Miyai', image: { original: /images/original/missing.png }, slug: kana-miyai }, { id: '22705', name: 'Satoshi Sakai', image: { original: /images/original/missing.png }, slug: satoshi-sakai }]
    'Animation Director, Key Animation': [{ id: '24925', name: 'Yumiko Ishii', image: { original: /images/original/missing.png }, slug: yumiko-ishii }]
    'Assistant Director': [{ id: '21400', name: 'Masashi Koizuka', image: { original: 'https://media.kitsu.io/people/images/21400/original.jpg?1533270885' }, slug: masashi-koizuka }]
    'Background Art': [{ id: '23813', name: 'Jun Okabe', image: { original: /images/original/missing.png }, slug: jun-okabe }]
    'Character Design': [{ id: '3006', name: 'Kyouji Asano', image: { original: 'https://media.kitsu.io/people/images/3006/original.jpg?1533270886' }, slug: kyouji-asano }]
    'Color Design': [{ id: '23292', name: 'Satoshi Hashimoto', image: { original: /images/original/missing.png }, slug: satoshi-hashimoto-d5208a27-4ad0-4f06-b53d-eb95fa7105db }]
    'Color Setting': [{ id: '17186', name: 'Izumi Hirose', image: { original: /images/original/missing.png }, slug: izumi-hirose }]
    Director: [{ id: '30444', name: 'Shuuhei Yabuta', image: { original: 'https://media.kitsu.io/people/images/30444/original.jpg?1533274624' }, slug: shuuhei-yabuta }, { id: '3976', name: 'Tetsurou Araki', image: { original: 'https://media.kitsu.io/people/images/3976/original.jpg?1416264991' }, slug: tetsurou-araki }]
    'Director of Photography': [{ id: '22537', name: 'Kazuhiro Yamada', image: { original: /images/original/missing.png }, slug: kazuhiro-yamada }]
    Editing: [{ id: '22109', name: 'Aya Hida', image: { original: /images/original/missing.png }, slug: aya-hida }]
    'Episode Director': [{ id: '31841', name: 'Tatsuma Minamikawa', image: { original: 'https://media.kitsu.io/people/images/31841/original.jpg?1533274884' }, slug: tatsuma-minamikawa }]
    'Episode Director, Assistant Director': [{ id: '9220', name: 'Hiroyuki Tanaka', image: { original: 'https://media.kitsu.io/people/images/9220/original.jpg?1416270341' }, slug: hiroyuki-tanaka }]
    'Episode Director, Key Animation': [{ id: '21437', name: 'Yoshiyuki Fujiwara', image: { original: /images/original/missing.png }, slug: yoshiyuki-fujiwara }]
    'Episode Director, Storyboard': [{ id: '1460', name: 'Sayo Yamamoto', image: { original: 'https://media.kitsu.io/people/images/1460/original.jpg?1416262235' }, slug: sayo-yamamoto }, { id: '21476', name: 'Shinpei Ezaki', image: { original: /images/original/missing.png }, slug: shinpei-ezaki }, { id: '3982', name: 'Yuzuru Tachikawa', image: { original: 'https://media.kitsu.io/people/images/3982/original.jpg?1533272323' }, slug: yuzuru-tachikawa }]
    'Episode Director, Storyboard, Animation Director, Key Animation, Background Art': [{ id: '364', name: 'Masashi Ishihama', image: { original: 'https://media.kitsu.io/people/images/364/original.jpg?1416260777' }, slug: masashi-ishihama }]
    'Episode Director, Storyboard, Key Animation': [{ id: '21396', name: 'Daisuke Tokudo', image: { original: 'https://media.kitsu.io/people/images/21396/original.jpg?1533273728' }, slug: daisuke-tokudo }]
    'Executive Producer': [{ id: '435', name: 'Gen Fukunaga', image: { original: 'https://media.kitsu.io/people/images/435/original.jpg?1416260869' }, slug: gen-fukunaga }]
    'Inserted Song Performance': [{ id: '9221', name: 'Aimee Blackschleger', image: { original: 'https://media.kitsu.io/people/images/9221/original.jpg?1416270342' }, slug: aimee-blackschleger }, { id: '9111', name: Cyua, image: { original: 'https://media.kitsu.io/people/images/9111/original.jpg?1416270225' }, slug: cyua }, { id: '8161', name: 'Mika Kobayashi', image: { original: 'https://media.kitsu.io/people/images/8161/original.jpg?1416269452' }, slug: mika-kobayashi }]
    'Key Animation': [{ id: '9499', name: 'Akira Hamaguchi', image: { original: /images/original/missing.png }, slug: akira-hamaguchi }, { id: '33987', name: 'Akira Tabata', image: { original: /images/original/missing.png }, slug: akira-tabata }, { id: '23895', name: 'Arifumi Imai', image: { original: 'https://media.kitsu.io/people/images/23895/original.jpg?1486414118' }, slug: arifumi-imai }, { id: '8034', name: 'Atsushi Ikariya', image: { original: 'https://media.kitsu.io/people/images/8034/original.jpg?1416269308' }, slug: atsushi-ikariya }, { id: '23332', name: 'Hideki Takahashi', image: { original: /images/original/missing.png }, slug: hideki-takahashi-4e5a48eb-bac3-40a3-96ce-e19ebb50a6c3 }, { id: '2097', name: 'Hiromi Katou', image: { original: 'https://media.kitsu.io/people/images/2097/original.jpg?1533271648' }, slug: hiromi-katou }, { id: '254', name: 'Hironori Tanaka', image: { original: /images/original/missing.png }, slug: hironori-tanaka }, { id: '34384', name: 'Kazuhiko Wanibuchi', image: { original: /images/original/missing.png }, slug: kazuhiko-wanibuchi }, { id: '9486', name: 'Kazuhiro Miwa', image: { original: 'https://media.kitsu.io/people/images/9486/original.jpg?1533273224' }, slug: kazuhiro-miwa }, { id: '123', name: 'Kenichi Yoshida', image: { original: 'https://media.kitsu.io/people/images/123/original.jpg?1533271550' }, slug: kenichi-yoshida }, { id: '9490', name: 'Kouichi Arai', image: { original: 'https://media.kitsu.io/people/images/9490/original.jpg?1533272773' }, slug: kouichi-arai }, { id: '22444', name: 'Masami Gotou', image: { original: /images/original/missing.png }, slug: masami-gotou }, { id: '9491', name: 'Misao Abe', image: { original: /images/original/missing.png }, slug: misao-abe }, { id: '24522', name: 'Naoki Kobayashi', image: { original: /images/original/missing.png }, slug: naoki-kobayashi }, { id: '34806', name: 'Orie Tanaka', image: { original: /images/original/missing.png }, slug: orie-tanaka }, { id: '23566', name: 'Senbon Umishima', image: { original: /images/original/missing.png }, slug: senbon-umishima }, { id: '3414', name: 'Shirou Shibata', image: { original: /images/original/missing.png }, slug: shirou-shibata }, { id: '23609', name: 'Takashi Habe', image: { original: /images/original/missing.png }, slug: takashi-habe }, { id: '22605', name: 'Tatsuya Koyanagi', image: { original: 'https://media.kitsu.io/people/images/22605/original.jpg?1533274386' }, slug: tatsuya-koyanagi }, { id: '22417', name: 'Tatsuya Miki', image: { original: /images/original/missing.png }, slug: tatsuya-miki }, { id: '3577', name: 'Toshiyuki Komaru', image: { original: /images/original/missing.png }, slug: toshiyuki-komaru }, { id: '34195', name: 'You Moriyama', image: { original: 'https://media.kitsu.io/people/images/34195/original.jpg?1533275252' }, slug: you-moriyama }]
    'Key Animation, Animation Director, In-Between Animation': [{ id: '14999', name: 'Toshiyuki Satou', image: { original: /images/original/missing.png }, slug: toshiyuki-satou }]
    'Key Animation, Chief Animation Director, Animation Director': [{ id: '22549', name: 'Takaaki Chiba', image: { original: /images/original/missing.png }, slug: takaaki-chiba }]
    Music: [{ id: '5377', name: 'Hiroyuki Sawano', image: { original: 'https://media.kitsu.io/people/images/5377/original.jpg?1416266441' }, slug: hiroyuki-sawano }]
    'Original Creator': [{ id: '8719', name: 'Hajime Isayama', image: { original: 'https://media.kitsu.io/people/images/8719/original.jpg?1416270073' }, slug: hajime-isayama }]
    Producer: [{ id: '22220', name: 'Jouji Wada', image: { original: 'https://media.kitsu.io/people/images/22220/original.jpg?1533274286' }, slug: jouji-wada }]
    Script: [{ id: '19526', name: 'Hiroshi Seko', image: { original: /images/original/missing.png }, slug: hiroshi-seko }, { id: '1216', name: 'John Burgmeier', image: { original: 'https://media.kitsu.io/people/images/1216/original.jpg?1416261888' }, slug: john-burgmeier }, { id: '440', name: 'John Michael Tatum', image: { original: 'https://media.kitsu.io/people/images/440/original.jpg?1416260875' }, slug: john-michael-tatum }, { id: '1461', name: 'Noboru Takagi', image: { original: 'https://media.kitsu.io/people/images/1461/original.jpg?1416262236' }, slug: noboru-takagi }, { id: '7687', name: 'Tyson Rinehart', image: { original: 'https://media.kitsu.io/people/images/7687/original.jpg?1416268918' }, slug: tyson-rinehart }]
    'Script, Series Composition': [{ id: '1918', name: 'Yasuko Kobayashi', image: { original: 'https://media.kitsu.io/people/images/1918/original.jpg?1416262710' }, slug: yasuko-kobayashi }]
    'Sound Director': [{ id: '431', name: 'Masafumi Mima', image: { original: 'https://media.kitsu.io/people/images/431/original.jpg?1416260864' }, slug: masafumi-mima }]
    'Sound Effects': [{ id: '23501', name: 'Naoto Yamatani', image: { original: /images/original/missing.png }, slug: naoto-yamatani }, { id: '5639', name: 'Shizuo Kurahashi', image: { original: /images/original/missing.png }, slug: shizuo-kurahashi }]
    Storyboard: [{ id: '21610', name: 'Keiichi Sasajima', image: { original: /images/original/missing.png }, slug: keiichi-sasajima }, { id: '24043', name: 'Minoru Oohara', image: { original: /images/original/missing.png }, slug: minoru-oohara }]
    'Storyboard, Key Animation': [{ id: '21721', name: 'Tomohiro Hirata', image: { original: 'https://media.kitsu.io/people/images/21721/original.jpg?1533274009' }, slug: tomohiro-hirata }]
    'Theme Song Arrangement': [{ id: '34959', name: 'Seiji Kameda', image: { original: 'https://media.kitsu.io/people/images/34959/original.jpg?1533275373' }, slug: seiji-kameda }]
    'Theme Song Lyrics, Inserted Song Performance': [{ id: '17751', name: mpi, image: { original: 'https://media.kitsu.io/people/images/17751/original.jpg?1533270888' }, slug: mpi }]
    'Theme Song Lyrics, Theme Song Composition, Theme Song Arrangement': [{ id: '17299', name: Revo, image: { original: 'https://media.kitsu.io/people/images/17299/original.jpg?1533270886' }, slug: revo }]
    'Theme Song Performance': [{ id: '18196', name: 'Cinema Staff', image: { original: 'https://media.kitsu.io/people/images/18196/original.jpg?1533273064' }, slug: cinema-staff }, { id: '8718', name: 'Linked Horizon', image: { original: 'https://media.kitsu.io/people/images/8718/original.jpg?1416270072' }, slug: linked-horizon }, { id: '6847', name: 'Yoko Hikasa', image: { original: 'https://media.kitsu.io/people/images/6847/original.jpg?1416268029' }, slug: yoko-hikasa }]
airDate: 'Apr - Sep 2013'
age_rating: R
age_rating_guide: 'Violence, Profanity'
cover_image: 'https://media.kitsu.io/anime/poster_images/7442/small.jpg?1597698856'
episode_count: 25
episode_length: 1440
genres:
    - Action
    - Adventure
    - 'Alternative Past'
    - Angst
    - Drama
    - Fantasy
    - Horror
    - Military
    - 'Post Apocalypse'
    - Shounen
    - 'Super Power'
    - Violence
id: '7442'
show_type: TV
slug: attack-on-titan
status: 'Finished Airing'
streaming_links:
    - { meta: { name: Crunchyroll, link: true, image: streaming-logos/crunchyroll.svg }, link: 'http://www.crunchyroll.com/attack-on-titan', subs: [en], dubs: [ja] }
    - { meta: { name: Funimation, link: true, image: streaming-logos/funimation.svg }, link: 'https://www.funimation.com/shows/attack-on-titan/', subs: [en], dubs: [ja] }
    - { meta: { name: Hulu, link: true, image: streaming-logos/hulu.svg }, link: 'https://www.hulu.com/attack-on-titan', subs: [en], dubs: [ja] }
    - { meta: { name: Netflix, link: false, image: streaming-logos/netflix.svg }, link: 'https://www.netflix.com/title/70299043', subs: [en], dubs: [ja] }
    - { meta: { name: TubiTV, link: true, image: streaming-logos/tubitv.svg }, link: 'https://tubitv.com/series/2318', subs: [en], dubs: [ja] }
synopsis: |-
    Centuries ago, mankind was slaughtered to near extinction by monstrous humanoid creatures called titans, forcing humans to hide in fear behind enormous concentric walls. What makes these giants truly terrifying is that their taste for human flesh is not born out of hunger but what appears to be out of pleasure. To ensure their survival, the remnants of humanity began living within defensive barriers, resulting in one hundred years without a single titan encounter. However, that fragile calm is soon shattered when a colossal titan manages to breach the supposedly impregnable outer wall, reigniting the fight for survival against the man-eating abominations.

    After witnessing a horrific personal loss at the hands of the invading creatures, Eren Yeager dedicates his life to their eradication by enlisting into the Survey Corps, an elite military unit that combats the merciless humanoids outside the protection of the walls. Based on Hajime Isayama's award-winning manga, Shingeki no Kyojin follows Eren, along with his adopted sister Mikasa Ackerman and his childhood friend Armin Arlert, as they join the brutal war against the titans and race to discover a way of defeating them before the last walls are breached.

    (Source: MAL Rewrite)
title: 'Attack on Titan'
titles:
    2: 'Shingeki no Kyojin'
    4: é²æã®å·¨äºº
titles_more:
    - AoT
    - 'Shingeki no Kyojin'
    - é²æã®å·¨äºº
trailer_id: LHtdKWJdif4
total_length: 36000
url: 'https://kitsu.io/anime/attack-on-titan'
