empty: false
age_rating: PG
age_rating_guide: ''
characters: {  }
chapter_count: 90
cover_image: 'https://media.kitsu.io/manga/poster_images/20286/small.jpg'
genres:
    - Comedy
    - Romance
    - 'School Life'
    - 'Slice of Life'
links:
    Anilist: 'https://anilist.co/anime/56769/'
    Kitsu: 'https://kitsu.io/manga/bokura-wa-minna-kawaisou'
    MyAnimeList: 'https://myanimelist.net/manga/26769'
id: '20286'
manga_type: MANGA
status: Completed
staff:
    'Story & Art': [{ id: '8712', slug: ruri-miyahara, name: 'Ruri Miyahara', image: 'https://media.kitsu.io/people/images/8712/original.jpg' }]
synopsis: "Usa, a high-school student aspiring to begin a bachelor lifestyle, moves into a new apartment only to discover that he not only shares a room with a perverted roommate that has an obsession for underaged girls, but also that another girl, Ritsu, a love-at-first-sight, is living in the same building as well!\r\n(Source: Kirei Cake)"
title: 'Bokura wa Minna Kawai-sou'
titles:
    1: 'The Kawai Complex Guide to Manors and Hostel'
    4: 僕らはみんな河合荘
titles_more:
    - 'The Kawai Complex Guide to Manors and Hostel'
    - 僕らはみんな河合荘
url: 'https://kitsu.io/manga/bokura-wa-minna-kawaisou'
volume_count: 10
