empty: false
id: '468'
name: 'Ayako Kawasumi'
image: 'https://media.kitsu.io/people/images/468/original.jpg?1416260918'
names:
    ja_jp: '川澄 綾子'
description: "<p><div class=\"people-informantion-more js-people-informantion-more\">Birth Place: Tokyo, Japan<br>\r\nBlood Type: B<br>\r\nHeight: 157cm<br>\r\nAstrological sign: Aries<br>\r\nNicknames: Ayachii (あやちー), Ayasumi (あやすみ), Aya-nee (あやねえ)<br>\r\n<br>\r\nFavorites: Yakult Swallows (baseball team)<br>\r\nHobbies: Cooking, Scuba diving, Yoga<br>\r\nSkills: Playing the Piano</div></p>"
characters:
    main: { 1556: { character: { id: '1556', slug: ayumu-kasuga, image: 'https://media.kitsu.io/characters/images/1556/original.jpg?1483096805', canonicalName: 'Ayumu Kasuga' }, media: { 1433: { id: '1433', slug: azumanga-web-daioh, image: 'https://media.kitsu.io/anime/poster_images/1433/small.jpg', titles: ['Azumanga Web Daioh', あずまんがWEB大王] } } }, 2931: { character: { id: '2931', slug: chikane-himemiya, image: 'https://media.kitsu.io/characters/images/2931/original.jpg?1483096805', canonicalName: 'Chikane Himemiya' }, media: { 121: { id: '121', slug: kannazuki-no-miko, image: 'https://media.kitsu.io/anime/poster_images/121/small.jpg', titles: ['Kannazuki no Miko', 'Destiny of the Shrine Maiden', 神無月の巫女] } } }, 5059: { character: { id: '5059', slug: elie, image: 'https://media.kitsu.io/characters/images/5059/original.jpg?1483096805', canonicalName: Elie }, media: { 7692: { id: '7692', slug: fairy-tail-x-rave, image: 'https://media.kitsu.io/anime/poster_images/7692/small.jpg', titles: ['Fairy Tail x Rave'] } } }, 38549: { character: { id: '38549', slug: erika-kuramoto, image: 'https://media.kitsu.io/characters/images/38549/original.jpg?1483096805', canonicalName: 'Erika Kuramoto' }, media: { 7484: { id: '7484', slug: zettai-junpaku-mahou-shoujo, image: 'https://media.kitsu.io/anime/poster_images/7484/small.jpg', titles: ['Zettai Junpaku♡Mahou Shoujo', 絶対純白♡魔法少女] } } }, 65952: { character: { id: '65952', slug: fear, image: 'https://media.kitsu.io/characters/images/65952/original.jpg?1485074995', canonicalName: Fear }, media: { 1179: { id: '1179', slug: dt-eightron, image: 'https://media.kitsu.io/anime/poster_images/1179/small.jpg', titles: ['DT Eightron', ＤＴエイトロン] } } }, 3879: { character: { id: '3879', slug: fuu-kasumi, image: 'https://media.kitsu.io/characters/images/3879/original.jpg?1483096805', canonicalName: 'Fuu Kasumi' }, media: { 181: { id: '181', slug: samurai-champloo, image: 'https://media.kitsu.io/anime/poster_images/181/small.jpg', titles: ['Samurai Champloo', サムライチャンプルー] } } }, 13385: { character: { id: '13385', slug: henrietta-de-tristain, image: 'https://media.kitsu.io/characters/images/13385/original.jpg?1483096805', canonicalName: 'Henrietta de Tristain' }, media: { 1657: { id: '1657', slug: zero-no-tsukaima-futatsuki-no-kishi, image: 'https://media.kitsu.io/anime/poster_images/1657/small.jpg', titles: ['Zero no Tsukaima: Futatsuki no Kishi', 'ゼロの使い魔 ～双月の騎士～'] } } }, 2964: { character: { id: '2964', slug: hikari-hoshino, image: 'https://media.kitsu.io/characters/images/2964/original.jpg?1483096805', canonicalName: 'Hikari Hoshino' }, media: { 124: { id: '124', slug: kono-minikuku-mo-utsukushii-sekai, image: 'https://media.kitsu.io/anime/poster_images/124/small.jpg', titles: ['Kono Minikuku mo Utsukushii Sekai', 'This Ugly Yet Beautiful World', この醜くも美しい世界] } } }, 6524: { character: { id: '6524', slug: kazumi-yoshida, image: 'https://media.kitsu.io/characters/images/6524/original.jpg?1483096805', canonicalName: 'Kazumi Yoshida' }, media: { 1372: { id: '1372', slug: shakugan-no-shana-special-koi-to-onsen-no-kougai-gakushuu, image: 'https://media.kitsu.io/anime/poster_images/1372/small.jpg', titles: ['Shakugan no Shana SP: Koi to Onsen no Kougai Gakushuu!'] }, 953: { id: '953', slug: shakugan-no-shana-specials, image: 'https://media.kitsu.io/anime/poster_images/953/small.jpg', titles: ['Shakugan no Shana Specials', 灼眼のシャナたん] } } }, 5983: { character: { id: '5983', slug: lafiel-abriel, image: 'https://media.kitsu.io/characters/images/5983/original.jpg?1483096805', canonicalName: 'Lafiel Abriel' }, media: { 1235: { id: '1235', slug: seikai-no-monshou-special, image: 'https://media.kitsu.io/anime/poster_images/1235/small.jpg', titles: ['Seikai no Monshou Special', '星界の紋章 総集編'] } } }, 29560: { character: { id: '29560', slug: reina-vance, image: 'https://media.kitsu.io/characters/images/29560/original.jpg?1483096805', canonicalName: 'Leina Vance' }, media: { 7412: { id: '7412', slug: vanquished-queens, image: 'https://media.kitsu.io/anime/poster_images/7412/small.jpg', titles: ['Vanquished Queens', ヴァンキッシュド・クイーンズ] }, 7847: { id: '7847', slug: vanquished-queens-specials, image: 'https://media.kitsu.io/anime/poster_images/7847/small.jpg', titles: ['Vanquished Queens Specials', ヴァンキッシュド・クイーンズ] } } }, 25628: { character: { id: '25628', slug: liliane, image: 'https://media.kitsu.io/characters/images/25628/original.jpg?1483096805', canonicalName: Liliane }, media: { 7783: { id: '7783', slug: princess-resurrection, image: 'https://media.kitsu.io/anime/poster_images/7783/small.jpg', titles: ['Kaibutsu Oujo', 'Princess Resurrection', 怪物王女] } } }, 7886: { character: { id: '7886', slug: matsuri-sakuragi, image: 'https://media.kitsu.io/characters/images/7886/original.jpg?1483096805', canonicalName: 'Matsuri Sakuragi' }, media: { 1698: { id: '1698', slug: ichigo-mashimaro-ova, image: 'https://media.kitsu.io/anime/poster_images/1698/small.jpg', titles: ['Ichigo Mashimaro OVA', 'Strawberry Marshmallow OVA', '苺ましまろ OVA'] } } }, 17441: { character: { id: '17441', slug: megumi-noda, image: 'https://media.kitsu.io/characters/images/17441/original.jpg?1483096805', canonicalName: 'Megumi Noda' }, media: { 1525: { id: '1525', slug: nodame-cantabile, image: 'https://media.kitsu.io/anime/poster_images/1525/small.jpg', titles: ['Nodame Cantabile', のだめカンタービレ] } } }, 16621: { character: { id: '16621', slug: nanoca-flanka, image: 'https://media.kitsu.io/characters/images/16621/original.jpg?1483096805', canonicalName: 'Nanoca Flanka' }, media: { 1426: { id: '1426', slug: aoi-umi-no-tristia, image: 'https://media.kitsu.io/anime/poster_images/1426/small.jpg', titles: ['Aoi Umi no Tristia', 蒼い海のトリスティア] } } }, 17608: { character: { id: '17608', slug: nono-ichinose, image: 'https://media.kitsu.io/characters/images/17608/original.jpg?1483096805', canonicalName: 'Nono Ichinose' }, media: { 1542: { id: '1542', slug: hitohira, image: 'https://media.kitsu.io/anime/poster_images/1542/small.jpg', titles: [Hitohira, ひとひら] } } }, 15253: { character: { id: '15253', slug: otoha-sakurano, image: 'https://media.kitsu.io/characters/images/15253/original.jpg?1483096805', canonicalName: 'Otoha Sakurano' }, media: { 1326: { id: '1326', slug: sky-girls-ova, image: 'https://media.kitsu.io/anime/poster_images/1326/small.jpg', titles: ['Sky Girls OVA', スカイガールズ] } } }, 94247: { character: { id: '94247', slug: rikotto, image: 'https://media.kitsu.io/characters/images/94247/original.jpg?1485088023', canonicalName: Rikotto }, media: { 8108: { id: '8108', slug: parol-no-mirai-shima, image: 'https://media.kitsu.io/anime/poster_images/8108/small.jpg', titles: ['Parol no Miraijima', 'Paroru''s Future Island', パロルのみらい島] } } }, 2674: { character: { id: '2674', slug: ruriko-ikusawa, image: 'https://media.kitsu.io/characters/images/2674/original.jpg?1483096805', canonicalName: 'Ruriko Ikusawa' }, media: { 106: { id: '106', slug: gate-keepers, image: 'https://media.kitsu.io/anime/poster_images/106/small.jpg', titles: ['Gate Keepers', ゲートキーパーズ] } } }, 6553: { character: { id: '6553', slug: saber, image: 'https://media.kitsu.io/characters/images/6553/original.jpg?1483096805', canonicalName: Saber }, media: { 5992: { id: '5992', slug: carnival-phantasm, image: 'https://media.kitsu.io/anime/poster_images/5992/small.jpg', titles: ['Carnival Phantasm', カーニバル・ファンタズム] }, 6695: { id: '6695', slug: carnival-phantasm-illya-s-castle, image: 'https://media.kitsu.io/anime/poster_images/6695/small.jpg', titles: ['Carnival Phantasm: Illya-jou', 'カーニバル・ファンタズム: イリヤ城'] }, 6028: { id: '6028', slug: fate-zero, image: 'https://media.kitsu.io/anime/poster_images/6028/small.jpg', titles: [Fate/Zero, フェイト/ゼロ] }, 7658: { id: '7658', slug: fate-zero-2nd-season, image: 'https://media.kitsu.io/anime/poster_images/7658/small.jpg', titles: ['Fate/Zero 2nd Season', 'Fate/Zero Season 2', 'フェイト/ゼロ 2ndシーズン'] }, 6906: { id: '6906', slug: fate-zero-remix, image: 'https://media.kitsu.io/anime/poster_images/6906/small.jpg', titles: ['Fate/Zero Remix', 'フェイト/ゼロ Remix'] } } }, 16753: { character: { id: '16753', slug: sara-werec, image: 'https://media.kitsu.io/characters/images/16753/original.jpg?1483096805', canonicalName: 'Sara Werec' }, media: { 1442: { id: '1442', slug: soukou-no-strain, image: 'https://media.kitsu.io/anime/poster_images/1442/small.jpg', titles: ['Soukou no Strain', 'Strain: Strategic Armored Infantry', 奏光のストレイン] } } }, 18533: { character: { id: '18533', slug: yuki-azuma, image: 'https://media.kitsu.io/characters/images/18533/original.jpg?1483096805', canonicalName: 'Yuki Azuma' }, media: { 1663: { id: '1663', slug: princess-nine, image: 'https://media.kitsu.io/anime/poster_images/1663/small.jpg', titles: ['Princess Nine: Kisaragi Joshikou Yakyuubu', 'プリンセスナイン 如月女子高野球部'] } } } }
    background: { 34916: { character: { id: '34916', slug: akari-fujibayashi, image: 'https://media.kitsu.io/characters/images/34916/original.jpg?1483096805', canonicalName: 'Akari Fujibayashi' }, media: { 6316: { id: '6316', slug: boku-wa-tomodachi-ga-sukunai, image: 'https://media.kitsu.io/anime/poster_images/6316/small.jpg', titles: ['Boku wa Tomodachi ga Sukunai', 'Haganai: I don''t have many friends', 僕は友達が少ない] } } }, 36114: { character: { id: '36114', slug: akira-igarashi-bbec632e-9df3-4317-943b-1c6f9265a1a8, image: 'https://media.kitsu.io/characters/images/36114/original.jpg?1483096805', canonicalName: 'Akira Igarashi' }, media: { 6678: { id: '6678', slug: akb0048-first-stage, image: 'https://media.kitsu.io/anime/poster_images/6678/small.jpg', titles: [AKB0048] }, 7184: { id: '7184', slug: akb0048-next-stage, image: 'https://media.kitsu.io/anime/poster_images/7184/small.jpg', titles: ['AKB0048: Next Stage'] } } }, 25903: { character: { id: '25903', slug: athena-tennos, image: 'https://media.kitsu.io/characters/images/25903/original.jpg?1483096805', canonicalName: 'Athena Tennousu' }, media: { 7561: { id: '7561', slug: hayate-the-combat-butler-cuties, image: 'https://media.kitsu.io/anime/poster_images/7561/small.jpg', titles: ['Hayate no Gotoku! Cuties', 'Hayate the Combat Butler! Cuties', 'ハヤテのごとく！ Cuties'] } } }, 31810: { character: { id: '31810', slug: ayumi-tokita, image: 'https://media.kitsu.io/characters/images/31810/original.jpg?1483096805', canonicalName: 'Ayumi Tokita' }, media: { 6929: { id: '6929', slug: shinryaku-ika-musume, image: 'https://media.kitsu.io/anime/poster_images/6929/small.jpg', titles: ['Shinryaku!! Ika Musume', 侵略!!イカ娘] }, 6156: { id: '6156', slug: squid-girl-2, image: 'https://media.kitsu.io/anime/poster_images/6156/small.jpg', titles: ['Squid Girl 2', 'Shinryaku!? Ika Musume', '侵略!?イカ娘'] } } }, 19507: { character: { id: '19507', slug: blanc-neige, image: 'https://media.kitsu.io/characters/images/19507/original.jpg?1483096805', canonicalName: 'Blanc Neige' }, media: { 1830: { id: '1830', slug: shining-tears-x-wind, image: 'https://media.kitsu.io/anime/poster_images/1830/small.jpg', titles: ['Shining Tears X Wind', シャイニング・ティアーズ・クロス・ウィンド] } } }, 81076: { character: { id: '81076', slug: cacao-kun, image: 'https://media.kitsu.io/characters/images/81076/original.jpg?1485082691', canonicalName: Cacao-kun }, media: { 1766: { id: '1766', slug: sore-ike-anpanman, image: 'https://media.kitsu.io/anime/poster_images/1766/small.jpg', titles: ['Sore Ike! Anpanman', それいけ!アンパンマン] } } }, 2358: { character: { id: '2358', slug: chidori-kuruma, image: 'https://media.kitsu.io/characters/images/2358/original.jpg?1483096805', canonicalName: 'Chidori Kuruma' }, media: { 83: { id: '83', slug: ayashi-no-ceres, image: 'https://media.kitsu.io/anime/poster_images/83/small.jpg', titles: ['Ayashi no Ceres', 'Ceres, Celestial Legend', 妖しのセレス] } } }, 19518: { character: { id: '19518', slug: clalaclan-philias, image: 'https://media.kitsu.io/characters/images/19518/original.jpg?1483096805', canonicalName: 'Clalaclan Philias' }, media: { 1830: { id: '1830', slug: shining-tears-x-wind, image: 'https://media.kitsu.io/anime/poster_images/1830/small.jpg', titles: ['Shining Tears X Wind', シャイニング・ティアーズ・クロス・ウィンド] } } }, 18333: { character: { id: '18333', slug: elena-014dc0ac-f4bf-41de-89bb-5b2dd07dea90, image: 'https://media.kitsu.io/characters/images/18333/original.jpg?1483096805', canonicalName: Elena }, media: { 1635: { id: '1635', slug: claymore, image: 'https://media.kitsu.io/anime/poster_images/1635/small.jpg', titles: [Claymore, クレイモア] } } }, 18730: { character: { id: '18730', slug: elsa-ff4fe679-fd15-40fa-8add-93fdd412acd6, image: 'https://media.kitsu.io/characters/images/18730/original.jpg?1483096805', canonicalName: Elsa }, media: { 464: { id: '464', slug: fushigiboshi-no-futagohime-gyu, image: 'https://media.kitsu.io/anime/poster_images/464/small.jpg', titles: ['Fushigiboshi no☆Futagohime Gyu!', ふしぎ星の☆ふたご姫] } } }, 17472: { character: { id: '17472', slug: emilia, image: 'https://media.kitsu.io/characters/images/17472/original.jpg?1483096805', canonicalName: Emilia }, media: { 1526: { id: '1526', slug: romeo-x-juliet, image: 'https://media.kitsu.io/anime/poster_images/1526/small.jpg', titles: ['Romeo x Juliet', ロミオ×ジュリエット] } } }, 24528: { character: { id: '24528', slug: erina-pendleton, image: 'https://media.kitsu.io/characters/images/24528/original.jpg?1483096805', canonicalName: 'Erina Pendleton' }, media: { 7158: { id: '7158', slug: jojo-s-bizarre-adventure-2012, image: 'https://media.kitsu.io/anime/poster_images/7158/small.jpg', titles: ['JoJo no Kimyou na Bouken (TV)', 'JoJo''s Bizarre Adventure (2012)', ジョジョの奇妙な冒険] } } }, 17692: { character: { id: '17692', slug: eufinley-tsuge, image: 'https://media.kitsu.io/characters/images/17692/original.jpg?1483096805', canonicalName: 'Eufinley Tsuge' }, media: { 1548: { id: '1548', slug: shinkyoku-soukai-polyphonica, image: 'https://media.kitsu.io/anime/poster_images/1548/small.jpg', titles: ['Shinkyoku Soukai Polyphonica', 神曲奏界ポリフォニカ] } } }, 14040: { character: { id: '14040', slug: hanako-e8b5973b-be52-4990-b28d-a624ee08c30d, image: 'https://media.kitsu.io/characters/images/14040/original.jpg?1483096805', canonicalName: Hanako }, media: { 1156: { id: '1156', slug: ghost-stories, image: 'https://media.kitsu.io/anime/poster_images/1156/small.jpg', titles: ['Ghost Stories', 'Gakkou no Kaidan', 学校の怪談] } } }, 37138: { character: { id: '37138', slug: haruka-tanaka, image: 'https://media.kitsu.io/characters/images/37138/original.jpg?1483096805', canonicalName: 'Haruka Tanaka' }, media: { 6941: { id: '6941', slug: tari-tari, image: 'https://media.kitsu.io/anime/poster_images/6941/small.jpg', titles: ['Tari Tari'] } } }, 34746: { character: { id: '34746', slug: hatsue-nobidome, image: 'https://media.kitsu.io/characters/images/34746/original.jpg?1483096805', canonicalName: 'Hatsue Nobidome' }, media: { 6246: { id: '6246', slug: ro-kyu-bu, image: 'https://media.kitsu.io/anime/poster_images/6246/small.jpg', titles: [Ro-Kyu-Bu!, 'Ro-Kyu-Bu ~ Fast Break!', ロウきゅーぶ!] }, 7367: { id: '7367', slug: ro-kyu-bu-ss, image: 'https://media.kitsu.io/anime/poster_images/7367/small.jpg', titles: ['Ro-Kyu-Bu! SS', 'ロウきゅーぶ! SS'] } } }, 13385: { character: { id: '13385', slug: henrietta-de-tristain, image: 'https://media.kitsu.io/characters/images/13385/original.jpg?1483096805', canonicalName: 'Henrietta de Tristain' }, media: { 1075: { id: '1075', slug: zero-no-tsukaima, image: 'https://media.kitsu.io/anime/poster_images/1075/small.jpg', titles: ['Zero no Tsukaima', 'The Familiar of Zero', ゼロの使い魔] }, 6493: { id: '6493', slug: zero-no-tsukaima-f, image: 'https://media.kitsu.io/anime/poster_images/6493/small.jpg', titles: ['Zero no Tsukaima F', 'The Familiar of Zero F', ゼロの使い魔F] } } }, 6051: { character: { id: '6051', slug: hotaru, image: 'https://media.kitsu.io/characters/images/6051/original.jpg?1483096805', canonicalName: Hotaru }, media: { 1795: { id: '1795', slug: hack-legend-of-the-twilight-offline-meeting-special, image: 'https://media.kitsu.io/anime/poster_images/1795/small.jpg', titles: ['.hack//Tasogare no Udewa Densetsu: Offline de Aimashou'] } } }, 40291: { character: { id: '40291', slug: izumi-nase, image: 'https://media.kitsu.io/characters/images/40291/original.jpg?1483096805', canonicalName: 'Izumi Nase' }, media: { 7714: { id: '7714', slug: kyoukai-no-kanata, image: 'https://media.kitsu.io/anime/poster_images/7714/small.jpg', titles: ['Kyoukai no Kanata', 'Beyond the Boundary', 境界の彼方] }, 8086: { id: '8086', slug: kyoukai-no-kanata-idol-saiban-mayoi-nagara-mo-kimi-wo-sabaku-tami, image: 'https://media.kitsu.io/anime/poster_images/8086/small.jpg', titles: ['Kyoukai no Kanata: Idol Saiban! Mayoi Nagara mo Kimi wo Sabaku Tami'] }, 8088: { id: '8088', slug: kyoukai-no-kanata-mini-theater, image: 'https://media.kitsu.io/anime/poster_images/8088/small.jpg', titles: ['Kyoukai no Kanata: Mini Theater', '境界の彼方 ミニ劇場'] } } }, 31855: { character: { id: '31855', slug: jeanne-d-arc-7536315c-0358-4f26-a136-13431573949f, image: 'https://media.kitsu.io/characters/images/31855/original.jpg?1483096805', canonicalName: 'Jeanne d''Arc' }, media: { 6263: { id: '6263', slug: hidan-no-aria-special, image: 'https://media.kitsu.io/anime/poster_images/6263/small.jpg', titles: ['Hidan no Aria Special', 'Aria the Scarlet Ammo Special', 緋弾のアリア] } } }, 4882: { character: { id: '4882', slug: kanako-ohno, image: 'https://media.kitsu.io/characters/images/4882/original.jpg?1483096805', canonicalName: 'Kanako Oono' }, media: { 1631: { id: '1631', slug: genshiken-ova, image: 'https://media.kitsu.io/anime/poster_images/1631/small.jpg', titles: ['Genshiken OVA', 'げんしけん OVA'] } } }, 18247: { character: { id: '18247', slug: kaon, image: 'https://media.kitsu.io/characters/images/18247/original.jpg?1483096805', canonicalName: Kaon }, media: { 1628: { id: '1628', slug: kyoshiro-to-towa-no-sora, image: 'https://media.kitsu.io/anime/poster_images/1628/small.jpg', titles: ['Kyoushirou to Towa no Sora', 'Shattered Angels', 京四郎と永遠（とわ）の空] } } }, 9681: { character: { id: '9681', slug: kaori-misaka, image: 'https://media.kitsu.io/characters/images/9681/original.jpg?1483096805', canonicalName: 'Kaori Misaka' }, media: { 7659: { id: '7659', slug: kanon, image: 'https://media.kitsu.io/anime/poster_images/7659/small.jpg', titles: [Kanon, カノン] }, 122: { id: '122', slug: kanon-2006, image: 'https://media.kitsu.io/anime/poster_images/122/small.jpg', titles: ['Kanon (2006)', 'カノン (2006)'] } } }, 72415: { character: { id: '72415', slug: kasumi-konjou, image: 'https://media.kitsu.io/characters/images/72415/original.jpg?1485079568', canonicalName: 'Kasumi Konjou' }, media: { 8162: { id: '8162', slug: ryuugajou-nanana-no-maizoukin-tv, image: 'https://media.kitsu.io/anime/poster_images/8162/small.jpg', titles: ['Ryuugajou Nanana no Maizoukin (TV)', 'Nanana''s Buried Treasure', 龍ヶ嬢七々々の埋蔵金] } } }, 6524: { character: { id: '6524', slug: kazumi-yoshida, image: 'https://media.kitsu.io/characters/images/6524/original.jpg?1483096805', canonicalName: 'Kazumi Yoshida' }, media: { 1632: { id: '1632', slug: shakugan-no-shana-movie, image: 'https://media.kitsu.io/anime/poster_images/1632/small.jpg', titles: ['Shakugan no Shana Movie', 'Shakugan no Shana: The Movie', '劇場版 灼眼のシャナ'] } } }, 37404: { character: { id: '37404', slug: kay, image: 'https://media.kitsu.io/characters/images/37404/original.jpg?1483096805', canonicalName: Kei }, media: { 7087: { id: '7087', slug: girls-und-panzer, image: 'https://media.kitsu.io/anime/poster_images/7087/small.jpg', titles: ['Girls & Panzer', 'ガールズ&パンツァー'] }, 7904: { id: '7904', slug: girls-und-panzer-der-film, image: 'https://media.kitsu.io/anime/poster_images/7904/small.jpg', titles: ['Girls & Panzer Movie', 'Girls und Panzer der Film', 'ガールズ&パンツァー 劇場版'] } } }, 67421: { character: { id: '67421', slug: kirara-chan, image: 'https://media.kitsu.io/characters/images/67421/original.jpg?1485077808', canonicalName: Kirara-chan }, media: { 1766: { id: '1766', slug: sore-ike-anpanman, image: 'https://media.kitsu.io/anime/poster_images/1766/small.jpg', titles: ['Sore Ike! Anpanman', それいけ!アンパンマン] } } }, 3747: { character: { id: '3747', slug: koishi-herikawa, image: 'https://media.kitsu.io/characters/images/3747/original.jpg?1483096805', canonicalName: 'Koishi Herikawa' }, media: { 172: { id: '172', slug: onegai-teacher, image: 'https://media.kitsu.io/anime/poster_images/172/small.jpg', titles: [Onegai☆Teacher, 'Please Teacher!', おねがい☆ティーチャー] }, 173: { id: '173', slug: onegai-twins, image: 'https://media.kitsu.io/anime/poster_images/173/small.jpg', titles: [Onegai☆Twins, 'Please Twins', おねがい☆ツインズ] } } }, 40432: { character: { id: '40432', slug: komachi-takamiya, image: 'https://media.kitsu.io/characters/images/40432/original.jpg?1483096805', canonicalName: 'Komachi Takamiya' }, media: { 8017: { id: '8017', slug: witch-craft-works, image: 'https://media.kitsu.io/anime/poster_images/8017/small.jpg', titles: ['Witch Craft Works', ウィッチクラフトワークス] } } }, 90743: { character: { id: '90743', slug: kyouko-miyano, image: 'https://media.kitsu.io/characters/images/90743/original.jpg?1485086523', canonicalName: 'Kyouko Miyano' }, media: { 1204: { id: '1204', slug: a-d-police, image: 'https://media.kitsu.io/anime/poster_images/1204/small.jpg', titles: ['A.D. Police (TV)', 'A.D. Police: To Protect and Serve', アドバンスドポリス] } } }, 5983: { character: { id: '5983', slug: lafiel-abriel, image: 'https://media.kitsu.io/characters/images/5983/original.jpg?1483096805', canonicalName: 'Lafiel Abriel' }, media: { 1008: { id: '1008', slug: seikai-no-danshou-tanjou, image: 'https://media.kitsu.io/anime/poster_images/1008/small.jpg', titles: ['Seikai no Danshou: Tanjou', 'Crest of the Stars: Birth', '星界の断章 “誕生”'] } } }, 26432: { character: { id: '26432', slug: laura-stuart, image: 'https://media.kitsu.io/characters/images/26432/original.jpg?1483096805', canonicalName: 'Laura Stuart' }, media: { 6583: { id: '6583', slug: toaru-majutsu-no-index-endymion-no-kiseki, image: 'https://media.kitsu.io/anime/poster_images/6583/small.jpg', titles: ['Toaru Majutsu no Index Movie: Endymion no Kiseki', '劇場版 とある魔術の禁書目録 エンデュミオーンの奇蹟'] }, 8120: { id: '8120', slug: toaru-majutsu-no-index-endymion-no-kiseki-special, image: 'https://media.kitsu.io/anime/poster_images/8120/small.jpg', titles: ['Toaru Majutsu no Index Movie: Endymion no Kiseki Special'] } } }, 29560: { character: { id: '29560', slug: reina-vance, image: 'https://media.kitsu.io/characters/images/29560/original.jpg?1483096805', canonicalName: 'Leina Vance' }, media: { 6620: { id: '6620', slug: queen-s-blade-rebellion, image: 'https://media.kitsu.io/anime/poster_images/6620/small.jpg', titles: ['Queen''s Blade: Rebellion', 'クイーンズブレイド リベリオン'] } } }, 70385: { character: { id: '70385', slug: loco-chan, image: 'https://media.kitsu.io/characters/images/70385/original.jpg?1485078849', canonicalName: Loco-chan }, media: { 1766: { id: '1766', slug: sore-ike-anpanman, image: 'https://media.kitsu.io/anime/poster_images/1766/small.jpg', titles: ['Sore Ike! Anpanman', それいけ!アンパンマン] } } }, 19043: { character: { id: '19043', slug: manari, image: 'https://media.kitsu.io/characters/images/19043/original.jpg?1483096805', canonicalName: Manari }, media: { 1746: { id: '1746', slug: nakoruru-ano-hito-kara-no-okurimono, image: 'https://media.kitsu.io/anime/poster_images/1746/small.jpg', titles: ['Nakoruru: Ano Hito kara no Okurimono', 'ナコルル ~あのひとからのおくりもの~'] } } }, 3331: { character: { id: '3331', slug: megumi-shitow, image: 'https://media.kitsu.io/characters/images/3331/original.jpg?1483096805', canonicalName: 'Megumi Shitow' }, media: { 143: { id: '143', slug: rahxephon, image: 'https://media.kitsu.io/anime/poster_images/143/small.jpg', titles: [RahXephon, ラーゼフォン] } } }, 35783: { character: { id: '35783', slug: blood-leopard, image: 'https://media.kitsu.io/characters/images/35783/original.jpg?1483096805', canonicalName: 'Mihaya Kakei' }, media: { 6590: { id: '6590', slug: accel-world, image: 'https://media.kitsu.io/anime/poster_images/6590/small.jpg', titles: ['Accel World', アクセル・ワールド] }, 7057: { id: '7057', slug: accel-world-ex, image: 'https://media.kitsu.io/anime/poster_images/7057/small.jpg', titles: ['Accel World EX', 'アクセル・ワールド EX'] }, 7050: { id: '7050', slug: accel-world-specials, image: 'https://media.kitsu.io/anime/poster_images/7050/small.jpg', titles: ['Accel World: Acchel World.', あくちぇる・わーるど。] } } }, 54624: { character: { id: '54624', slug: minato-shirakawa, image: 'https://media.kitsu.io/characters/images/54624/original.jpg?1483096805', canonicalName: 'Minato Shirakawa' }, media: { 7501: { id: '7501', slug: kiniro-mosaic, image: 'https://media.kitsu.io/anime/poster_images/7501/small.jpg', titles: ['Kiniro Mosaic', KINMOZA!, きんいろモザイク] } } }, 29350: { character: { id: '29350', slug: miyuri-tsujidou, image: 'https://media.kitsu.io/characters/images/29350/original.jpg?1483096805', canonicalName: 'Miyuri Tsujidou' }, media: { 6020: { id: '6020', slug: seikon-no-qwaser-ii, image: 'https://media.kitsu.io/anime/poster_images/6020/small.jpg', titles: ['Seikon no Qwaser II', 'The Qwaser of Stigmata II', '聖痕のクェイサー II'] } } }, 17254: { character: { id: '17254', slug: mysterious-girl-fc00287e-cca6-4f1f-8dcd-4d947f83cf47, image: 'https://media.kitsu.io/characters/images/17254/original.jpg?1483096805', canonicalName: 'Mysterious Girl' }, media: { 1510: { id: '1510', slug: brave-story, image: 'https://media.kitsu.io/anime/poster_images/1510/small.jpg', titles: ['Brave Story', ブレイブ・ストーリー] } } }, 178: { character: { id: '178', slug: natsuki-mogi, image: 'https://media.kitsu.io/characters/images/178/original.jpg?1483096805', canonicalName: 'Natsuki Mogi' }, media: { 162: { id: '162', slug: initial-d-first-stage, image: 'https://media.kitsu.io/anime/poster_images/162/small.jpg', titles: ['Initial D First Stage', 頭文字〈イニシャル〉D] }, 9: { id: '9', slug: initial-d-fourth-stage, image: 'https://media.kitsu.io/anime/poster_images/9/small.jpg', titles: ['Initial D Fourth Stage', '頭文字〈イニシャル〉D FOURTH STAGE'] }, 163: { id: '163', slug: initial-d-second-stage, image: 'https://media.kitsu.io/anime/poster_images/163/small.jpg', titles: ['Initial D Second Stage', '頭文字〈イニシャル〉D SECOND STAGE'] }, 164: { id: '164', slug: initial-d-third-stage, image: 'https://media.kitsu.io/anime/poster_images/164/small.jpg', titles: ['Initial D Third Stage', '頭文字〈イニシャル〉D THIRD STAGE'] } } }, 76050: { character: { id: '76050', slug: ooyodo, image: 'https://media.kitsu.io/characters/images/76050/original.jpg?1485080864', canonicalName: Ooyodo }, media: { 8039: { id: '8039', slug: kantai-collection, image: 'https://media.kitsu.io/anime/poster_images/8039/small.jpg', titles: ['Kantai Collection: KanColle', 'KanColle: Kantai Collection', '艦隊これくしょん -艦これ-'] } } }, 71640: { character: { id: '71640', slug: pajaman, image: 'https://media.kitsu.io/characters/images/71640/original.jpg?1485079270', canonicalName: Pajaman }, media: { 1766: { id: '1766', slug: sore-ike-anpanman, image: 'https://media.kitsu.io/anime/poster_images/1766/small.jpg', titles: ['Sore Ike! Anpanman', それいけ!アンパンマン] } } }, 58849: { character: { id: '58849', slug: rira-mochizuki, image: '/images/original/missing.png?1483096805', canonicalName: 'Rira Mochizuki' }, media: { 9689: { id: '9689', slug: visitor, image: 'https://media.kitsu.io/anime/poster_images/9689/small.jpg', titles: [Visitor, （ビジター] } } }, 37181: { character: { id: '37181', slug: risa-seri, image: 'https://media.kitsu.io/characters/images/37181/original.jpg?1483096805', canonicalName: 'Risa Seri' }, media: { 6947: { id: '6947', slug: kono-naka-ni-hitori-imouto-ga-iru, image: 'https://media.kitsu.io/anime/poster_images/6947/small.jpg', titles: ['Kono Naka ni Hitori, Imouto ga Iru!', 'NAKAIMO - My Little Sister Is Among Them!', この中に1人、妹がいる！] } } }, 37314: { character: { id: '37314', slug: rita-ainsworth, image: 'https://media.kitsu.io/characters/images/37314/original.jpg?1483096805', canonicalName: 'Rita Ainsworth' }, media: { 7023: { id: '7023', slug: sakurasou-no-pet-na-kanojo, image: 'https://media.kitsu.io/anime/poster_images/7023/small.jpg', titles: ['Sakurasou no Pet na Kanojo', 'The Pet Girl of Sakurasou', さくら荘のペットな彼女] } } }, 6553: { character: { id: '6553', slug: saber, image: 'https://media.kitsu.io/characters/images/6553/original.jpg?1483096805', canonicalName: Saber }, media: { 6685: { id: '6685', slug: carnival-phantasm-ex-season, image: 'https://media.kitsu.io/anime/poster_images/6685/small.jpg', titles: ['Carnival Phantasm EX Season', 'カーニバル・ファンタズム　EX Season'] }, 7342: { id: '7342', slug: carnival-phantasm-hibichika-special, image: 'https://media.kitsu.io/anime/poster_images/7342/small.jpg', titles: ['Carnival Phantasm: HibiChika Special', 'カーニバル・ファンタズム ひびちかスペシャル'] }, 7173: { id: '7173', slug: fate-kaleid-liner-prisma-illya, image: 'https://media.kitsu.io/anime/poster_images/7173/small.jpg', titles: ['Fate/kaleid liner Prisma☆Illya', 'Fate/kaleid liner プリズマ☆イリヤ'] } } }, 24036: { character: { id: '24036', slug: saki-tenjouin, image: 'https://media.kitsu.io/characters/images/24036/original.jpg?1483096805', canonicalName: 'Saki Tenjouin' }, media: { 7007: { id: '7007', slug: to-love-ru-darkness, image: 'https://media.kitsu.io/anime/poster_images/7007/small.jpg', titles: ['To LOVE-Ru Darkness', 'To LOVEる -とらぶる- ダークネス'] } } }, 6580: { character: { id: '6580', slug: shizuki-minagami, image: 'https://media.kitsu.io/characters/images/6580/original.jpg?1483096805', canonicalName: 'Shizuki Minagami' }, media: { 1928: { id: '1928', slug: bokusatsu-tenshi-dokuro-chan-2, image: 'https://media.kitsu.io/anime/poster_images/1928/small.jpg', titles: ['Bokusatsu Tenshi Dokuro-chan 2', 'Bludgeoning Angel Dokuro-chan 2', '撲殺天使ドクロちゃん2[セカンド]'] } } }, 18650: { character: { id: '18650', slug: sumire-nishiwa, image: 'https://media.kitsu.io/characters/images/18650/original.jpg?1483096805', canonicalName: 'Sumire Nishiwa' }, media: { 1682: { id: '1682', slug: getsumen-to-heiki-mina, image: 'https://media.kitsu.io/anime/poster_images/1682/small.jpg', titles: ['Getsumen To Heiki Mina', 月面兎兵器ミーナ] } } }, 35609: { character: { id: '35609', slug: susan-b72d260d-5a1e-4738-9613-06761fe0156f, image: 'https://media.kitsu.io/characters/images/35609/original.jpg?1483096805', canonicalName: Susan }, media: { 6550: { id: '6550', slug: high-school-dxd, image: 'https://media.kitsu.io/anime/poster_images/6550/small.jpg', titles: ['High School DxD', ハイスクールD×D] } } }, 16321: { character: { id: '16321', slug: urara-9d087f16-782c-4e17-8aaf-839bd5f3a795, image: 'https://media.kitsu.io/characters/images/16321/original.jpg?1483096805', canonicalName: 'Urara ' }, media: { 1405: { id: '1405', slug: pokemon-diamond-pearl, image: 'https://media.kitsu.io/anime/poster_images/1405/small.jpg', titles: ['Pokemon Diamond & Pearl', 'ポケットモンスター ダイヤモンド&パール'] } } }, 3379: { character: { id: '3379', slug: winia-chester, image: 'https://media.kitsu.io/characters/images/3379/original.jpg?1483096805', canonicalName: 'Winia Chester' }, media: { 145: { id: '145', slug: scrapped-princess, image: 'https://media.kitsu.io/anime/poster_images/145/small.jpg', titles: ['Scrapped Princess', スクラップド・プリンセス] } } }, 31024: { character: { id: '31024', slug: yuriko-aoki, image: 'https://media.kitsu.io/characters/images/31024/original.jpg?1483096805', canonicalName: 'Yuriko Aoki' }, media: { 6001: { id: '6001', slug: bakuman-2, image: 'https://media.kitsu.io/anime/poster_images/6001/small.jpg', titles: ['Bakuman. 2nd Season', バクマン。2ndシーズン] }, 6714: { id: '6714', slug: bakuman-3, image: 'https://media.kitsu.io/anime/poster_images/6714/small.jpg', titles: ['Bakuman. 3rd Season', バクマン。] } } } }
staff:
    'Theme Song Performance': { anime: { 607: { id: '607', title: 'Denshin Mamotte Shugogetten', titles: ['Denshin Mamotte Shugogetten', '伝心　まもって守護月天！'], image: 'https://media.kitsu.io/anime/poster_images/607/small.jpg', slug: denshin-mamotte-shugogetten }, 1236: { id: '1236', title: 'GaoGaiGar Final', titles: ['GaoGaiGar Final', 'Yuusha-Ou GaoGaiGar Final', 勇者王ガオガイガーFINAL], image: 'https://media.kitsu.io/anime/poster_images/1236/small.jpg', slug: gaogaigar-final }, 418: { id: '418', title: 'Gokujou Seitokai', titles: ['Gokujou Seitokai', 'Best Student Council', 極上生徒会], image: 'https://media.kitsu.io/anime/poster_images/418/small.jpg', slug: gokujou-seitokai }, 221: { id: '221', title: 'Groove Adventure Rave', titles: ['Groove Adventure Rave', 'Rave Master', レイヴ], image: 'https://media.kitsu.io/anime/poster_images/221/small.jpg', slug: groove-adventure-rave }, 449: { id: '449', title: 'Ichigo Mashimaro', titles: ['Ichigo Mashimaro', 'Strawberry Marshmallow', 苺ましまろ], image: 'https://media.kitsu.io/anime/poster_images/449/small.jpg', slug: ichigo-mashimaro }, 1698: { id: '1698', title: 'Ichigo Mashimaro OVA', titles: ['Ichigo Mashimaro OVA', 'Strawberry Marshmallow OVA', '苺ましまろ OVA'], image: 'https://media.kitsu.io/anime/poster_images/1698/small.jpg', slug: ichigo-mashimaro-ova }, 3029: { id: '3029', title: 'Kemeko Deluxe!', titles: ['Kemeko Deluxe!', ケメコデラックス！], image: 'https://media.kitsu.io/anime/poster_images/3029/small.jpg', slug: kemeko-dx }, 124: { id: '124', title: 'Kono Minikuku mo Utsukushii Sekai', titles: ['Kono Minikuku mo Utsukushii Sekai', 'This Ugly Yet Beautiful World', この醜くも美しい世界], image: 'https://media.kitsu.io/anime/poster_images/124/small.jpg', slug: kono-minikuku-mo-utsukushii-sekai }, 4879: { id: '4879', title: 'Ladies versus Butlers!', titles: ['Ladies versus Butlers!', れでぃ×ばと!], image: 'https://media.kitsu.io/anime/poster_images/4879/small.jpg', slug: ladies-versus-butlers }, 252: { id: '252', title: 'Mahoromatic 2', titles: ['Mahoromatic 2', 'Mahoromatic ~Something More Beautiful~', 'まほろまてぃっく  ~もっと美しいもの~'], image: 'https://media.kitsu.io/anime/poster_images/252/small.jpg', slug: mahoromatic-2 }, 251: { id: '251', title: 'Mahoromatic: Automatic Maiden', titles: ['Mahoromatic: Automatic Maiden', まほろまてぃっく], image: 'https://media.kitsu.io/anime/poster_images/251/small.jpg', slug: mahoromatic }, 432: { id: '432', title: 'Okusama wa Joshikousei (TV)', titles: ['Okusama wa Joshikousei (TV)', 'My Wife is a High School Girl', おくさまは女子高生], image: 'https://media.kitsu.io/anime/poster_images/432/small.jpg', slug: okusama-wa-joshikousei-2005 }, 617: { id: '617', title: 'One: Kagayaku Kisetsu e', titles: ['One: Kagayaku Kisetsu e', 'ONE ～輝く季節へ～'], image: 'https://media.kitsu.io/anime/poster_images/617/small.jpg', slug: one-kagayaku-kisetsu-e }, 294: { id: '294', title: 'Puchi Pri*Yucie', titles: ['Puchi Pri*Yucie', 'Petite Princess Yucie', ぷちぷり＊ユーシィ], image: 'https://media.kitsu.io/anime/poster_images/294/small.jpg', slug: puchi-puri-yuushi }, 7762: { id: '7762', title: 'Queen''s Blade: Rurou no Senshi', titles: ['Queen''s Blade: Rurou no Senshi', 'Queen''s Blade: The Exiled Virgin', 'クイーンズブレイド 流浪の戦士'], image: 'https://media.kitsu.io/anime/poster_images/7762/small.jpg', slug: queen-s-blade-rurou-no-senshi }, 364: { id: '364', title: 'Seikai no Senki II', titles: ['Seikai no Senki II', 'Banner of the Stars II', '星界の戦旗 II'], image: 'https://media.kitsu.io/anime/poster_images/364/small.jpg', slug: seikai-no-senki-ii }, 2034: { id: '2034', title: 'Seraphim Call', titles: ['Seraphim Call', セラフィムコール], image: 'https://media.kitsu.io/anime/poster_images/2034/small.jpg', slug: seraphim-call }, 434: { id: '434', title: 'To Heart', titles: ['To Heart', トゥハート], image: 'https://media.kitsu.io/anime/poster_images/434/small.jpg', slug: to-heart }, 839: { id: '839', title: 'Yume Tsukai', titles: ['Yume Tsukai', 夢使い], image: 'https://media.kitsu.io/anime/poster_images/839/small.jpg', slug: yume-tsukai } } }
    'Theme Song Performance, Theme Song Composition': { anime: { 295: { id: '295', title: Piano, titles: [Piano, 'Piano: The Melody of a Young Girl''s Heart'], image: 'https://media.kitsu.io/anime/poster_images/295/small.jpg', slug: piano } } }
