empty: false
about: 'Web Developer, Anime Fan, Reader of VNs, and web comics.'
avatar: 'https://media.kitsu.io/users/avatars/2644/original.gif'
birthday: 'March 09, 1990 (34 years)'
joinDate: ''
gender: male
favorites:
    anime: { 1671648: { __typename: Anime, id: '8710', slug: ore-twintails-ni-narimasu, posterImage: { original: { url: 'https://media.kitsu.io/anime/poster_images/8710/original.jpg', height: 0, width: 0 }, views: [{ url: 'https://media.kitsu.io/anime/poster_images/8710/tiny.jpg', height: 156, width: 110 }, { url: 'https://media.kitsu.io/anime/poster_images/8710/large.jpg', height: 780, width: 550 }, { url: 'https://media.kitsu.io/anime/poster_images/8710/small.jpg', height: 402, width: 284 }, { url: 'https://media.kitsu.io/anime/poster_images/8710/medium.jpg', height: 554, width: 390 }] }, titles: { canonical: 'Ore, Twintail ni Narimasu.', localized: { en: 'Gonna be the Twin-Tail!!', en-t-ja: 'Ore, Twintail ni Narimasu.', ja-jp: 俺、ツインテールになります。 } } }, 1605263: { __typename: Anime, id: '186', slug: ranma-nettou-hen, posterImage: { original: { url: 'https://media.kitsu.io/anime/poster_images/186/original.jpg', height: 0, width: 0 }, views: [{ url: 'https://media.kitsu.io/anime/poster_images/186/tiny.jpg', height: 156, width: 110 }, { url: 'https://media.kitsu.io/anime/poster_images/186/large.jpg', height: 780, width: 550 }, { url: 'https://media.kitsu.io/anime/poster_images/186/small.jpg', height: 402, width: 284 }, { url: 'https://media.kitsu.io/anime/poster_images/186/medium.jpg', height: 554, width: 390 }] }, titles: { canonical: 'Ranma ½', localized: { en: 'Ranma ½', en-t-ja: 'Ranma ½', ja-jp: らんま1/2 } } }, 933073: { __typename: Anime, id: '14212', slug: hataraku-saibou-tv, posterImage: { original: { url: 'https://media.kitsu.io/anime/poster_images/14212/original.jpg', height: 0, width: 0 }, views: [{ url: 'https://media.kitsu.io/anime/poster_images/14212/tiny.jpg', height: 156, width: 110 }, { url: 'https://media.kitsu.io/anime/poster_images/14212/large.jpg', height: 780, width: 550 }, { url: 'https://media.kitsu.io/anime/poster_images/14212/small.jpg', height: 402, width: 284 }, { url: 'https://media.kitsu.io/anime/poster_images/14212/medium.jpg', height: 554, width: 390 }] }, titles: { canonical: 'Hataraku Saibou', localized: { en: 'Cells at Work!', en-t-ja: 'Hataraku Saibou', ja-jp: はたらく細胞 } } }, 586217: { __typename: Anime, id: '323', slug: fate-stay-night, posterImage: { original: { url: 'https://media.kitsu.io/anime/poster_images/323/original.jpg', height: 0, width: 0 }, views: [{ url: 'https://media.kitsu.io/anime/poster_images/323/tiny.jpg', height: 156, width: 110 }, { url: 'https://media.kitsu.io/anime/poster_images/323/large.jpg', height: 780, width: 550 }, { url: 'https://media.kitsu.io/anime/poster_images/323/small.jpg', height: 402, width: 284 }, { url: 'https://media.kitsu.io/anime/poster_images/323/medium.jpg', height: 554, width: 390 }] }, titles: { canonical: 'Fate/stay night', localized: { en: 'Fate/stay night', en-t-ja: 'Fate/stay night', ja-jp: 'Fate/stay night' } } }, 607473: { __typename: Anime, id: '310', slug: tsukuyomi-moon-phase, posterImage: { original: { url: 'https://media.kitsu.io/anime/poster_images/310/original.jpg', height: 0, width: 0 }, views: [{ url: 'https://media.kitsu.io/anime/poster_images/310/tiny.jpg', height: 156, width: 110 }, { url: 'https://media.kitsu.io/anime/poster_images/310/large.jpg', height: 780, width: 550 }, { url: 'https://media.kitsu.io/anime/poster_images/310/small.jpg', height: 402, width: 284 }, { url: 'https://media.kitsu.io/anime/poster_images/310/medium.jpg', height: 554, width: 390 }] }, titles: { canonical: 'Tsukuyomi: Moon Phase', localized: { en: 'Tsukuyomi: Moon Phase', en-t-ja: 'Tsukuyomi: Moon Phase', ja-jp: '月詠 −MOON PHASE−' } } }, 607472: { __typename: Anime, id: '5992', slug: carnival-phantasm, posterImage: { original: { url: 'https://media.kitsu.io/anime/poster_images/5992/original.jpg', height: 0, width: 0 }, views: [{ url: 'https://media.kitsu.io/anime/poster_images/5992/tiny.jpg', height: 156, width: 110 }, { url: 'https://media.kitsu.io/anime/poster_images/5992/large.jpg', height: 780, width: 550 }, { url: 'https://media.kitsu.io/anime/poster_images/5992/small.jpg', height: 402, width: 284 }, { url: 'https://media.kitsu.io/anime/poster_images/5992/medium.jpg', height: 554, width: 390 }] }, titles: { canonical: 'Carnival Phantasm', localized: { en-t-ja: 'Carnival Phantasm', ja-jp: カーニバル・ファンタズム } } }, 636892: { __typename: Anime, id: '6062', slug: nichijou, posterImage: { original: { url: 'https://media.kitsu.io/anime/poster_images/6062/original.jpg', height: 0, width: 0 }, views: [{ url: 'https://media.kitsu.io/anime/poster_images/6062/tiny.jpg', height: 156, width: 110 }, { url: 'https://media.kitsu.io/anime/poster_images/6062/large.jpg', height: 780, width: 550 }, { url: 'https://media.kitsu.io/anime/poster_images/6062/small.jpg', height: 402, width: 284 }, { url: 'https://media.kitsu.io/anime/poster_images/6062/medium.jpg', height: 554, width: 390 }] }, titles: { canonical: Nichijou, localized: { en: 'Nichijou - My Ordinary Life', en-t-ja: Nichijou, ja-jp: 日常 } } } }
    manga: { 1671647: { __typename: Manga, id: '40324', slug: ijiranaide-nagatoro-san, posterImage: { original: { url: 'https://media.kitsu.io/manga/poster_images/40324/original.jpg', height: 0, width: 0 }, views: [{ url: 'https://media.kitsu.io/manga/poster_images/40324/tiny.jpg', height: 156, width: 110 }, { url: 'https://media.kitsu.io/manga/poster_images/40324/large.jpg', height: 780, width: 550 }, { url: 'https://media.kitsu.io/manga/poster_images/40324/small.jpg', height: 402, width: 284 }, { url: 'https://media.kitsu.io/manga/poster_images/40324/medium.jpg', height: 554, width: 390 }] }, titles: { canonical: 'Ijiranaide, Nagatoro-san', localized: { en: "Please don't bully me, Nagatoro", en-t-ja: 'Ijiranaide, Nagatoro-san', ja-jp: イジらないで、長瀞さん } } }, 636888: { __typename: Manga, id: '21733', slug: tonari-no-seki-kun, posterImage: { original: { url: 'https://media.kitsu.io/manga/poster_images/21733/original.jpg', height: 0, width: 0 }, views: [{ url: 'https://media.kitsu.io/manga/poster_images/21733/tiny.jpg', height: null, width: null }, { url: 'https://media.kitsu.io/manga/poster_images/21733/large.jpg', height: null, width: null }, { url: 'https://media.kitsu.io/manga/poster_images/21733/small.jpg', height: null, width: null }, { url: 'https://media.kitsu.io/manga/poster_images/21733/medium.jpg', height: null, width: null }] }, titles: { canonical: 'Tonari no Seki-kun', localized: { en: 'My Neighbour Seki', en-t-ja: 'Tonari no Seki-kun', ja-jp: となりの関くん } } } }
    character: { 1605262: { __typename: Character, id: '72098', slug: kaguya-shinomiya, image: { original: { url: 'https://media.kitsu.io/characters/images/72098/original.jpg' }, views: [{ url: 'https://media.kitsu.io/character/72098/image/tiny-1100d3ab381e931da52d3b101e288e9f.jpeg', height: 120, width: 100 }, { url: 'https://media.kitsu.io/character/72098/image/large-c17ad60081a5ce13f864a5ced17796dc.jpeg', height: 600, width: 500 }, { url: 'https://media.kitsu.io/character/72098/image/small-076c6bb1e083a88882486e365c960917.jpeg', height: 240, width: 200 }, { url: 'https://media.kitsu.io/character/72098/image/medium-727af59129bae47e5caeceb0c88557ac.jpeg', height: 360, width: 300 }] }, names: { alternatives: {  }, canonical: 'Kaguya Shinomiya', canonicalLocale: null, localized: { en: 'Kaguya Shinomiya', ja-jp: '四宮 かぐや' } } }, 1605261: { __typename: Character, id: '5113', slug: kagome-higurashi, image: { original: { url: 'https://media.kitsu.io/characters/images/5113/original.jpg' }, views: [{ url: 'https://media.kitsu.io/character/5113/image/tiny-9845283cee3765e7627affd86fcfe798.jpeg', height: 120, width: 100 }, { url: 'https://media.kitsu.io/character/5113/image/large-d1f84a6858136c0f1e005676836a472c.jpeg', height: 600, width: 500 }, { url: 'https://media.kitsu.io/character/5113/image/small-9aebfefc3dfb58e4947b035a997b339c.jpeg', height: 240, width: 200 }, { url: 'https://media.kitsu.io/character/5113/image/medium-ad25ed7524c2bb2d44d227a50d1cf19b.jpeg', height: 360, width: 300 }] }, names: { alternatives: {  }, canonical: 'Kagome Higurashi', canonicalLocale: null, localized: { en: 'Kagome Higurashi', ja-jp: '日暮 かごめ' } } }, 1605260: { __typename: Character, id: '3969', slug: ranma-saotome, image: { original: { url: 'https://media.kitsu.io/characters/images/3969/original.jpg' }, views: [{ url: 'https://media.kitsu.io/character/3969/image/tiny-9e3de175b9678c97c2d13a86ad5a025d.jpeg', height: 120, width: 100 }, { url: 'https://media.kitsu.io/character/3969/image/large-45a86c1ee14f6f5f0deacae4acdd71db.jpeg', height: 600, width: 500 }, { url: 'https://media.kitsu.io/character/3969/image/small-bffce25af767e21c603207d36cac315f.jpeg', height: 240, width: 200 }, { url: 'https://media.kitsu.io/character/3969/image/medium-88b729e1a6b02ebdf1a829777d7fddc4.jpeg', height: 360, width: 300 }] }, names: { alternatives: [Ran-chan, Ranko, 'Osage no onna (Pigtailed Girl)'], canonical: 'Ranma Saotome', canonicalLocale: null, localized: { en: 'Ranma Saotome', ja-jp: '早乙女 乱馬' } } }, 1605259: { __typename: Character, id: '3970', slug: akane-tendo, image: { original: { url: 'https://media.kitsu.io/characters/images/3970/original.jpg' }, views: [{ url: 'https://media.kitsu.io/character/3970/image/tiny-77c338ad5155db2bb3667f7181feed07.jpeg', height: 120, width: 100 }, { url: 'https://media.kitsu.io/character/3970/image/large-f36bd803e355fa43186b9efd62e0dc62.jpeg', height: 600, width: 500 }, { url: 'https://media.kitsu.io/character/3970/image/small-6fd19a5b7c041edbb1259afc78d6d272.jpeg', height: 240, width: 200 }, { url: 'https://media.kitsu.io/character/3970/image/medium-ece4ec7538c290235e2a027d47b07d8f.jpeg', height: 360, width: 300 }] }, names: { alternatives: ['Macho Chick'], canonical: 'Akane Tendou', canonicalLocale: null, localized: { en: 'Akane Tendou', ja-jp: '天道 あかね' } } }, 1604573: { __typename: Character, id: '1438', slug: chii, image: { original: { url: 'https://media.kitsu.io/characters/images/1438/original.jpg' }, views: [{ url: 'https://media.kitsu.io/character/1438/image/tiny-98b1d86328741e0e7ec928ff07cb9906.jpeg', height: 120, width: 100 }, { url: 'https://media.kitsu.io/character/1438/image/large-edf9c97b4cfcb6611931b5519c0a6d94.jpeg', height: 600, width: 500 }, { url: 'https://media.kitsu.io/character/1438/image/small-47419d3506d971b49ef22706bf902507.jpeg', height: 240, width: 200 }, { url: 'https://media.kitsu.io/character/1438/image/medium-9a03116bc909aa45e50558f40c7a5441.jpeg', height: 360, width: 300 }] }, names: { alternatives: [Elda], canonical: Chii, canonicalLocale: null, localized: { en: Chii, ja-jp: ちぃ } } }, 586219: { __typename: Character, id: '6553', slug: saber, image: { original: { url: 'https://media.kitsu.io/characters/images/6553/original.jpg' }, views: [{ url: 'https://media.kitsu.io/character/6553/image/tiny-3c55b6046721ce8c7d814ce81085e831.jpeg', height: 120, width: 100 }, { url: 'https://media.kitsu.io/character/6553/image/large-e07894deb248247058837bd73da0e08f.jpeg', height: 600, width: 500 }, { url: 'https://media.kitsu.io/character/6553/image/small-50137cc0861c18bb2591bc5dad85414b.jpeg', height: 240, width: 200 }, { url: 'https://media.kitsu.io/character/6553/image/medium-99fff0e9c562c6a55ce69a12ebf5bb9d.jpeg', height: 360, width: 300 }] }, names: { alternatives: ['King of Knights'], canonical: Saber, canonicalLocale: null, localized: { en: Saber, ja-jp: セイバー } } }, 586218: { __typename: Character, id: '6556', slug: rin-tohsaka, image: { original: { url: 'https://media.kitsu.io/characters/images/6556/original.jpg' }, views: [{ url: 'https://media.kitsu.io/character/6556/image/tiny-f80f60d7571b1b63deab88671a8d2e75.jpeg', height: 120, width: 100 }, { url: 'https://media.kitsu.io/character/6556/image/large-970089ec2f2e40ff3cbfae2322c3bece.jpeg', height: 600, width: 500 }, { url: 'https://media.kitsu.io/character/6556/image/small-a0aaf6b1cbaccc62c70cd87f737f9439.jpeg', height: 240, width: 200 }, { url: 'https://media.kitsu.io/character/6556/image/medium-3e67c2d2ea45484fde2c6840aa8904e0.jpeg', height: 360, width: 300 }] }, names: { alternatives: {  }, canonical: 'Rin Toosaka', canonicalLocale: null, localized: { en: 'Rin Toosaka', ja-jp: '遠坂 凛' } } }, 611365: { __typename: Character, id: '32035', slug: nano-shinonome, image: { original: { url: 'https://media.kitsu.io/characters/images/32035/original.jpg' }, views: [{ url: 'https://media.kitsu.io/character/32035/image/tiny-37e5a8f8ca11f92221c8ac3da187284c.jpeg', height: 120, width: 100 }, { url: 'https://media.kitsu.io/character/32035/image/large-afd0ecf3e4bacde879c6204f715161ca.jpeg', height: 600, width: 500 }, { url: 'https://media.kitsu.io/character/32035/image/small-dc283bf30a0e2687d62a0313e63d5ed5.jpeg', height: 240, width: 200 }, { url: 'https://media.kitsu.io/character/32035/image/medium-8f91388c36a081828a7dc5fb19ce28f2.jpeg', height: 360, width: 300 }] }, names: { alternatives: {  }, canonical: 'Nano Shinonome', canonicalLocale: null, localized: { en: 'Nano Shinonome', ja-jp: '東雲 なの' } } }, 611364: { __typename: Character, id: '32034', slug: mio-naganohara, image: { original: { url: 'https://media.kitsu.io/characters/images/32034/original.jpg' }, views: [{ url: 'https://media.kitsu.io/character/32034/image/tiny-709f2a4daa2a01fec0c47b4a144439a5.jpeg', height: 120, width: 100 }, { url: 'https://media.kitsu.io/character/32034/image/large-7f9a0548990bbc414234fc53826cee6c.jpeg', height: 600, width: 500 }, { url: 'https://media.kitsu.io/character/32034/image/small-db36930f2d5a92de3a07258a3a51bfca.jpeg', height: 240, width: 200 }, { url: 'https://media.kitsu.io/character/32034/image/medium-916c0f308117c0db949630cc2e7051f8.jpeg', height: 360, width: 300 }] }, names: { alternatives: {  }, canonical: 'Mio Naganohara', canonicalLocale: null, localized: { en: 'Mio Naganohara', ja-jp: 長野原みお } } }, 636591: { __typename: Character, id: '25930', slug: taiga-aisaka, image: { original: { url: 'https://media.kitsu.io/characters/images/25930/original.jpg' }, views: [{ url: 'https://media.kitsu.io/character/25930/image/tiny-16e96ed8b5bb2ee3529cc0ead065fe83.jpeg', height: 120, width: 100 }, { url: 'https://media.kitsu.io/character/25930/image/large-72d18550c34d0fbf5265cda5949fb0e5.jpeg', height: 600, width: 500 }, { url: 'https://media.kitsu.io/character/25930/image/small-4d7731584490b091f9d59c3fe0527ec2.jpeg', height: 240, width: 200 }, { url: 'https://media.kitsu.io/character/25930/image/medium-541476f834fbefa2f829a4ab1c81c348.jpeg', height: 360, width: 300 }] }, names: { alternatives: ['Palmtop Tiger'], canonical: 'Taiga Aisaka', canonicalLocale: null, localized: { en: 'Taiga Aisaka', ja-jp: '逢坂 大河' } } }, 636593: { __typename: Character, id: '31625', slug: victorique-de-blois, image: { original: { url: 'https://media.kitsu.io/characters/images/31625/original.jpg' }, views: [{ url: 'https://media.kitsu.io/character/31625/image/tiny-916ccdc2623cc13ed3b7d50c4c1f6947.jpeg', height: 120, width: 100 }, { url: 'https://media.kitsu.io/character/31625/image/large-741fa69e62648cb1975c6492e8415aa9.jpeg', height: 600, width: 500 }, { url: 'https://media.kitsu.io/character/31625/image/small-7cd08f9a7ad2d082cb74b36caad7c6a8.jpeg', height: 240, width: 200 }, { url: 'https://media.kitsu.io/character/31625/image/medium-c0fcb6b1807a7bc4597c7a02e39fb8d3.jpeg', height: 360, width: 300 }] }, names: { alternatives: ['The Golden Fairy', 'Gray Wolf', 'Monstre Charmant'], canonical: 'Victorique de Blois', canonicalLocale: null, localized: { en: 'Victorique de Blois', ja-jp: ヴィクトリカ・ド・ブロワ } } } }
location: 'Michigan, USA'
name: timw4mail
slug: timw4mail
stats:
    'Time spent watching anime:': '222 days, 3 hours, 34 minutes, and 40 seconds'
    'Anime series watched:': '1,254'
    'Anime episodes watched:': '17,720'
    'Manga series read:': '52'
    'Manga chapters read:': '2,862'
waifu:
    label: Waifu
    character: { id: '6553', slug: saber, image: { original: { name: original, url: 'https://media.kitsu.io/characters/images/6553/original.jpg', width: 0, height: 0 } }, names: { canonical: Saber, alternatives: ['King of Knights'], localized: { en: Saber, ja-jp: セイバー } } }
website: 'https://timshomepage.net'
