<input id="input" type="text" name="input" value="foo" />
