<img src="https://localhost/assets/images/placeholder.png" alt="placeholder.png" loading="lazy" />