<picture loading="lazy"><source srcset="https://www.example.com/image.avif" type="image/avif" /><source srcset="https://www.example.com/image.jpg" type="image/jpeg" /><img src="https://www.example.com/image.jpg" alt="" loading="lazy" /></picture>