<picture loading="lazy"><source srcset="https://localhost/assets/images/avatar/25.bmp" type="image/bmp" /><source srcset="https://localhost/assets/images/avatar/25.gif" type="image/gif" /><img src="https://localhost/assets/images/avatar/25.gif" alt="" loading="lazy" /></picture>