<picture width="200" height="300"><source srcset="https://localhost/assets/images/example.svg" type="image/svg+xml" /><source srcset="https://localhost/assets/images/example.png" type="image/png" /><img src="https://localhost/assets/images/example.png" alt="Example text" /></picture>